Archive member included to satisfy reference by file (symbol)

C:/Program Files/SEGGER/SEGGER Embedded Studio for ARM 4.30b/lib/libc_v7em_fpv4_sp_d16_hard_t_le_eabi.a(libc_asm.o)
                              Output/ble_app_uart_pca10056_s140 Release/Obj/bsp.o (__aeabi_uldivmod)
C:/Program Files/SEGGER/SEGGER Embedded Studio for ARM 4.30b/lib/libc_v7em_fpv4_sp_d16_hard_t_le_eabi.a(libc2.o)
                              Output/ble_app_uart_pca10056_s140 Release/Obj/ble_advdata.o (memcmp)
C:/Program Files/SEGGER/SEGGER Embedded Studio for ARM 4.30b/lib/libc_v7em_fpv4_sp_d16_hard_t_le_eabi.a(libc2_asm.o)
                              Output/ble_app_uart_pca10056_s140 Release/Obj/app_scheduler.o (memcpy)
C:/Program Files/SEGGER/SEGGER Embedded Studio for ARM 4.30b/lib/libc_v7em_fpv4_sp_d16_hard_t_le_eabi.a(libc.o)
                              C:/Program Files/SEGGER/SEGGER Embedded Studio for ARM 4.30b/lib/libc_v7em_fpv4_sp_d16_hard_t_le_eabi.a(libc2.o) (__heap_lock)
C:/Program Files/SEGGER/SEGGER Embedded Studio for ARM 4.30b/lib/libdebugio_v7em_fpv4_sp_d16_hard_t_le_eabi.a(libdebugio.o)
                              Output/ble_app_uart_pca10056_s140 Release/Obj/thumb_crt0.o (debug_fopen)
C:/Program Files/SEGGER/SEGGER Embedded Studio for ARM 4.30b/lib/libdebugio_mempoll_v7em_fpv4_sp_d16_hard_t_le_eabi.a(mempoll_debug_operations.o)
                              C:/Program Files/SEGGER/SEGGER Embedded Studio for ARM 4.30b/lib/libdebugio_v7em_fpv4_sp_d16_hard_t_le_eabi.a(libdebugio.o) (__do_debug_operation)
C:/Program Files/SEGGER/SEGGER Embedded Studio for ARM 4.30b/lib/libdebugio_mempoll_v7em_fpv4_sp_d16_hard_t_le_eabi.a(do_nv_debug_operation.o)
                              C:/Program Files/SEGGER/SEGGER Embedded Studio for ARM 4.30b/lib/libdebugio_v7em_fpv4_sp_d16_hard_t_le_eabi.a(libdebugio.o) (__do_nvdebug_operation)
C:/Program Files/SEGGER/SEGGER Embedded Studio for ARM 4.30b/lib/libm_v7em_fpv4_sp_d16_hard_t_le_eabi.a(libm_asm.o)
                              C:/Program Files/SEGGER/SEGGER Embedded Studio for ARM 4.30b/lib/libc_v7em_fpv4_sp_d16_hard_t_le_eabi.a(libc2.o) (__aeabi_dadd)
C:/Program Files/SEGGER/SEGGER Embedded Studio for ARM 4.30b/lib/libm_v7em_fpv4_sp_d16_hard_t_le_eabi.a(libm2.o)
                              C:/Program Files/SEGGER/SEGGER Embedded Studio for ARM 4.30b/lib/libvfprintf_v7em_fpv4_sp_d16_hard_t_le_eabi.o (frexp)

Discarded input sections

 .text          0x0000000000000000        0x0 Output/ble_app_uart_pca10056_s140 Release/Obj/thumb_crt0.o
 .data          0x0000000000000000        0x0 Output/ble_app_uart_pca10056_s140 Release/Obj/thumb_crt0.o
 .bss           0x0000000000000000        0x0 Output/ble_app_uart_pca10056_s140 Release/Obj/thumb_crt0.o
 .text.__aeabi_read_tp
                0x0000000000000000        0x8 Output/ble_app_uart_pca10056_s140 Release/Obj/thumb_crt0.o
 .text.abort    0x0000000000000000        0x2 Output/ble_app_uart_pca10056_s140 Release/Obj/thumb_crt0.o
 .text.__assert
                0x0000000000000000        0x2 Output/ble_app_uart_pca10056_s140 Release/Obj/thumb_crt0.o
 .text.__aeabi_assert
                0x0000000000000000        0x2 Output/ble_app_uart_pca10056_s140 Release/Obj/thumb_crt0.o
 .text.__sync_synchronize
                0x0000000000000000        0x2 Output/ble_app_uart_pca10056_s140 Release/Obj/thumb_crt0.o
 .text.__getchar
                0x0000000000000000        0x4 Output/ble_app_uart_pca10056_s140 Release/Obj/thumb_crt0.o
 .text.__putchar
                0x0000000000000000        0x4 Output/ble_app_uart_pca10056_s140 Release/Obj/thumb_crt0.o
 .text.__open   0x0000000000000000        0x4 Output/ble_app_uart_pca10056_s140 Release/Obj/thumb_crt0.o
 .text.__close  0x0000000000000000        0x4 Output/ble_app_uart_pca10056_s140 Release/Obj/thumb_crt0.o
 .text.__write  0x0000000000000000        0xa Output/ble_app_uart_pca10056_s140 Release/Obj/thumb_crt0.o
 .text.__read   0x0000000000000000        0xa Output/ble_app_uart_pca10056_s140 Release/Obj/thumb_crt0.o
 .text.__seek   0x0000000000000000       0x1a Output/ble_app_uart_pca10056_s140 Release/Obj/thumb_crt0.o
 .bss.__user_locale_name_buffer
                0x0000000000000000        0x4 Output/ble_app_uart_pca10056_s140 Release/Obj/thumb_crt0.o
 .stack         0x0000000000000000        0x0 Output/ble_app_uart_pca10056_s140 Release/Obj/thumb_crt0.o
 .stack_process
                0x0000000000000000        0x0 Output/ble_app_uart_pca10056_s140 Release/Obj/thumb_crt0.o
 .heap          0x0000000000000000        0x0 Output/ble_app_uart_pca10056_s140 Release/Obj/thumb_crt0.o
 .group         0x0000000000000000        0xc Output/ble_app_uart_pca10056_s140 Release/Obj/nrf_log_backend_rtt.o
 .group         0x0000000000000000        0xc Output/ble_app_uart_pca10056_s140 Release/Obj/nrf_log_backend_rtt.o
 .group         0x0000000000000000        0xc Output/ble_app_uart_pca10056_s140 Release/Obj/nrf_log_backend_rtt.o
[...]
Memory Configuration

Name             Origin             Length             Attributes
UNPLACED_SECTIONS 0x0000000100000000 0x0000000000000000 xw
RAM              0x0000000020000000 0x0000000000040000 xw
FLASH            0x0000000000000000 0x0000000000100000 xw
*default*        0x0000000000000000 0xffffffffffffffff

Linker script and memory map

                0x000000000002a7c4                __vfprintf = __vfprintf_long
                0x0000000000000000                __vfscanf = __vfscanf_long
                0x0000000020000000                __RAM_segment_start__ = 0x20000000
                0x0000000020040000                __RAM_segment_end__ = 0x20040000
                0x0000000000040000                __RAM_segment_size__ = 0x40000
                0x0000000000000000                __FLASH_segment_start__ = 0x0
                0x0000000000100000                __FLASH_segment_end__ = 0x100000
                0x0000000000100000                __FLASH_segment_size__ = 0x100000
                0x0000000000002000                __HEAPSIZE__ = 0x2000
                0x0000000000000000                __STACKSIZE_PROCESS__ = 0x0
                0x0000000000002000                __STACKSIZE__ = 0x2000
                0x0000000020000000                __reserved_ram_load_start__ = 0x20000000

.reserved_ram   0x0000000020000000     0x2a98
                0x0000000020000000                __reserved_ram_start__ = .
 *(.reserved_ram .reserved_ram.*)
                0x0000000020002a98                . = MAX (((__reserved_ram_start__ + 0x20002a98) - 0x20000000), .)
 *fill*         0x0000000020000000     0x2a98 
                0x0000000020002a98                __reserved_ram_end__ = (__reserved_ram_start__ + SIZEOF (.reserved_ram))
                0x0000000000002a98                __reserved_ram_size__ = SIZEOF (.reserved_ram)
                0x0000000020002a98                __reserved_ram_load_end__ = __reserved_ram_end__
                0x0000000000000001                . = ASSERT (((__reserved_ram_start__ == __reserved_ram_end__) || ((__reserved_ram_end__ - __RAM_segment_start__) <= __RAM_segment_size__)), error: .reserved_ram is too large to fit in RAM memory segment)
                0x0000000020002a98                __vectors_ram_load_start__ = 0x20002a98

.vectors_ram    0x0000000020002a98        0x0
                0x0000000020002a98                __vectors_ram_start__ = .
                0x0000000020002a98                __app_ram_start__ = __vectors_ram_start__
 *(.vectors_ram .vectors_ram.*)
                0x0000000020002a98                __vectors_ram_end__ = (__vectors_ram_start__ + SIZEOF (.vectors_ram))
                0x0000000000000000                __vectors_ram_size__ = SIZEOF (.vectors_ram)
                0x0000000020002a98                __vectors_ram_load_end__ = __vectors_ram_end__
                0x0000000000000001                . = ASSERT (((__vectors_ram_start__ == __vectors_ram_end__) || ((__vectors_ram_end__ - __RAM_segment_start__) <= __RAM_segment_size__)), error: .vectors_ram is too large to fit in RAM memory segment)
                0x0000000000000001                . = ASSERT ((__reserved_ram_end__ <= __vectors_ram_start__), error: section .reserved_ram overlaps absolute placed section .vectors_ram)
                0x0000000020002a98                __nrf_sections_run_load_start__ = ALIGN (__vectors_ram_end__, 0x4)

.nrf_sections_run
                0x0000000020002a98        0x0
                0x0000000020002a98                __nrf_sections_run_start__ = .
                0x0000000020002a98                __start_nrf_sections_run = __nrf_sections_run_start__
 *(.nrf_sections_run .nrf_sections_run.*)
                0x0000000020002a98                __nrf_sections_run_end__ = (__nrf_sections_run_start__ + SIZEOF (.nrf_sections_run))
                0x0000000000000000                __nrf_sections_run_size__ = SIZEOF (.nrf_sections_run)
                0x0000000020002a98                __nrf_sections_run_load_end__ = __nrf_sections_run_end__
                0x0000000000000001                . = ASSERT (((__nrf_sections_run_start__ == __nrf_sections_run_end__) || ((__nrf_sections_run_end__ - __RAM_segment_start__) <= __RAM_segment_size__)), error: .nrf_sections_run is too large to fit in RAM memory segment)
                0x0000000000000000                __reserved_flash_load_start__ = 0x0

.reserved_flash
                0x0000000000000000    0x26000
                0x0000000000000000                __reserved_flash_start__ = .
 *(.reserved_flash .reserved_flash.*)
                0x0000000000026000                . = MAX (((__reserved_flash_start__ + 0x26000) - 0x0), .)
 *fill*         0x0000000000000000    0x26000 
                0x0000000000026000                __reserved_flash_end__ = (__reserved_flash_start__ + SIZEOF (.reserved_flash))
                0x0000000000026000                __reserved_flash_size__ = SIZEOF (.reserved_flash)
                0x0000000000026000                __reserved_flash_load_end__ = __reserved_flash_end__
                0x0000000000000001                . = ASSERT (((__reserved_flash_start__ == __reserved_flash_end__) || ((__reserved_flash_end__ - __FLASH_segment_start__) <= __FLASH_segment_size__)), error: .reserved_flash is too large to fit in FLASH memory segment)
                0x0000000000026000                __vectors_load_start__ = 0x26000

.vectors        0x0000000000026000      0x200
                0x0000000000026000                __vectors_start__ = .
 *(.vectors .vectors.*)
 .vectors       0x0000000000026000      0x200 Output/ble_app_uart_pca10056_s140 Release/Obj/ses_startup_nrf52840.o
                0x0000000000026000                _vectors
                0x0000000000026200                __vectors_end__ = (__vectors_start__ + SIZEOF (.vectors))
                0x0000000000000200                __vectors_size__ = SIZEOF (.vectors)
                0x0000000000026200                __vectors_load_end__ = __vectors_end__
                0x0000000000000001                . = ASSERT (((__vectors_start__ == __vectors_end__) || ((__vectors_end__ - __FLASH_segment_start__) <= __FLASH_segment_size__)), error: .vectors is too large to fit in FLASH memory segment)
                0x0000000000000001                . = ASSERT ((__reserved_flash_end__ <= __vectors_start__), error: section .reserved_flash overlaps absolute placed section .vectors)
                0x0000000000026200                __init_load_start__ = ALIGN (__vectors_end__, 0x4)

.init           0x0000000000026200      0x1d4
                0x0000000000026200                __init_start__ = .
 *(.init .init.*)
 .init          0x0000000000026200      0x15c Output/ble_app_uart_pca10056_s140 Release/Obj/thumb_crt0.o
                0x0000000000026200                _start
                0x00000000000262b4                exit
 .init          0x000000000002635c       0x18 Output/ble_app_uart_pca10056_s140 Release/Obj/ses_startup_nrf52840.o
                0x000000000002635c                NMI_Handler
                0x000000000002635e                HardFault_Handler
                0x0000000000026360                MemoryManagement_Handler
                0x0000000000026362                BusFault_Handler
                0x0000000000026364                UsageFault_Handler
                0x0000000000026366                SVC_Handler
                0x0000000000026368                DebugMon_Handler
                0x000000000002636a                PendSV_Handler
                0x000000000002636c                SysTick_Handler
                0x000000000002636e                RADIO_IRQHandler
                0x000000000002636e                PDM_IRQHandler
                0x000000000002636e                TEMP_IRQHandler
                0x000000000002636e                QDEC_IRQHandler
                0x000000000002636e                RTC0_IRQHandler
                0x000000000002636e                PWM3_IRQHandler
                0x000000000002636e                FPU_IRQHandler
                0x000000000002636e                USBD_IRQHandler
                0x000000000002636e                SPIM0_SPIS0_TWIM0_TWIS0_SPI0_TWI0_IRQHandler
                0x000000000002636e                PWM1_IRQHandler
                0x000000000002636e                TIMER4_IRQHandler
                0x000000000002636e                CRYPTOCELL_IRQHandler
                0x000000000002636e                I2S_IRQHandler
                0x000000000002636e                TIMER3_IRQHandler
                0x000000000002636e                TIMER0_IRQHandler
                0x000000000002636e                UARTE1_IRQHandler
                0x000000000002636e                Dummy_Handler
                0x000000000002636e                TIMER1_IRQHandler
                0x000000000002636e                SPIM3_IRQHandler
                0x000000000002636e                PWM2_IRQHandler
                0x000000000002636e                ECB_IRQHandler
                0x000000000002636e                SPIM1_SPIS1_TWIM1_TWIS1_SPI1_TWI1_IRQHandler
                0x000000000002636e                SAADC_IRQHandler
                0x000000000002636e                CCM_AAR_IRQHandler
                0x000000000002636e                WDT_IRQHandler
                0x000000000002636e                QSPI_IRQHandler
                0x000000000002636e                SWI5_EGU5_IRQHandler
                0x000000000002636e                RNG_IRQHandler
                0x000000000002636e                RTC2_IRQHandler
                0x000000000002636e                PWM0_IRQHandler
                0x000000000002636e                SWI3_EGU3_IRQHandler
                0x000000000002636e                SWI1_EGU1_IRQHandler
                0x000000000002636e                SPIM2_SPIS2_SPI2_IRQHandler
                0x000000000002636e                NFCT_IRQHandler
                0x000000000002636e                SWI4_EGU4_IRQHandler
                0x000000000002636e                MWU_IRQHandler
                0x000000000002636e                TIMER2_IRQHandler
                0x000000000002636e                COMP_LPCOMP_IRQHandler
                0x0000000000026370                nRFInitialize
 .init          0x0000000000026374       0x60 Output/ble_app_uart_pca10056_s140 Release/Obj/ses_startup_nrf_common.o
                0x0000000000026374                Reset_Handler
                0x000000000002639c                InitializeUserMemorySections
                0x00000000000263d4                __init_end__ = (__init_start__ + SIZEOF (.init))
                0x00000000000001d4                __init_size__ = SIZEOF (.init)
                0x00000000000263d4                __init_load_end__ = __init_end__
                0x0000000000000001                . = ASSERT (((__init_start__ == __init_end__) || ((__init_end__ - __FLASH_segment_start__) <= __FLASH_segment_size__)), error: .init is too large to fit in FLASH memory segment)
                0x00000000000263d4                __init_rodata_load_start__ = ALIGN (__init_end__, 0x4)

.init_rodata    0x00000000000263d4        0x0
                0x00000000000263d4                __init_rodata_start__ = .
 *(.init_rodata .init_rodata.*)
                0x00000000000263d4                __init_rodata_end__ = (__init_rodata_start__ + SIZEOF (.init_rodata))
                0x0000000000000000                __init_rodata_size__ = SIZEOF (.init_rodata)
                0x00000000000263d4                __init_rodata_load_end__ = __init_rodata_end__
                0x0000000000000001                . = ASSERT (((__init_rodata_start__ == __init_rodata_end__) || ((__init_rodata_end__ - __FLASH_segment_start__) <= __FLASH_segment_size__)), error: .init_rodata is too large to fit in FLASH memory segment)
                0x00000000000263d4                __text_load_start__ = ALIGN (__init_rodata_end__, 0x4)

.text           0x00000000000263d4     0x4b34
                0x00000000000263d4                __text_start__ = .
 *(.text .text.* .glue_7t .glue_7 .gnu.linkonce.t.* .gcc_except_table .ARM.extab* .gnu.linkonce.armextab.*)
 .glue_7        0x00000000000263d4        0x0 linker stubs
 .glue_7t       0x00000000000263d4        0x0 linker stubs
 .text.detection_delay_timeout_handler
                0x00000000000263d4       0xfc Output/ble_app_uart_pca10056_s140 Release/Obj/app_button.o
 .text.gpiote_event_handler
                0x00000000000264d0       0x98 Output/ble_app_uart_pca10056_s140 Release/Obj/app_button.o
 .text.app_button_init
                0x0000000000026568       0xa8 Output/ble_app_uart_pca10056_s140 Release/Obj/app_button.o
                0x0000000000026568                app_button_init
 .text.app_button_enable
                0x0000000000026610       0x2c Output/ble_app_uart_pca10056_s140 Release/Obj/app_button.o
                0x0000000000026610                app_button_enable
 .text.app_error_handler_bare
                0x000000000002663c       0x1a Output/ble_app_uart_pca10056_s140 Release/Obj/app_error.o
                0x000000000002663c                app_error_handler_bare
 *fill*         0x0000000000026656        0x2 
 .text.app_error_fault_handler
                0x0000000000026658       0x34 Output/ble_app_uart_pca10056_s140 Release/Obj/app_error_weak.o
                0x0000000000026658                app_error_fault_handler
 .text.app_fifo_init
                0x000000000002668c       0x1e Output/ble_app_uart_pca10056_s140 Release/Obj/app_fifo.o
                0x000000000002668c                app_fifo_init
 .text.app_fifo_put
                0x00000000000266aa       0x24 Output/ble_app_uart_pca10056_s140 Release/Obj/app_fifo.o
                0x00000000000266aa                app_fifo_put
 .text.app_fifo_get
                0x00000000000266ce       0x22 Output/ble_app_uart_pca10056_s140 Release/Obj/app_fifo.o
                0x00000000000266ce                app_fifo_get
 .text.user_op_alloc
                0x00000000000266f0       0x2c Output/ble_app_uart_pca10056_s140 Release/Obj/app_timer.o
 .text.timer_stop_op_schedule
                0x000000000002671c       0x50 Output/ble_app_uart_pca10056_s140 Release/Obj/app_timer.o
 .text.nrfx_coredep_delay_us.part.0.constprop.4
                0x000000000002676c       0x10 Output/ble_app_uart_pca10056_s140 Release/Obj/app_timer.o
 .text.rtc1_stop
                0x000000000002677c       0x44 Output/ble_app_uart_pca10056_s140 Release/Obj/app_timer.o
 .text.RTC1_IRQHandler
                0x00000000000267c0       0x9c Output/ble_app_uart_pca10056_s140 Release/Obj/app_timer.o
                0x00000000000267c0                RTC1_IRQHandler
 .text.SWI0_EGU0_IRQHandler
                0x000000000002685c      0x2b8 Output/ble_app_uart_pca10056_s140 Release/Obj/app_timer.o
                0x000000000002685c                SWI0_EGU0_IRQHandler
 .text.app_timer_init
                0x0000000000026b14       0x60 Output/ble_app_uart_pca10056_s140 Release/Obj/app_timer.o
                0x0000000000026b14                app_timer_init
 .text.app_timer_create
                0x0000000000026b74       0x24 Output/ble_app_uart_pca10056_s140 Release/Obj/app_timer.o
                0x0000000000026b74                app_timer_create
 .text.app_timer_start
                0x0000000000026b98       0x8c Output/ble_app_uart_pca10056_s140 Release/Obj/app_timer.o
                0x0000000000026b98                app_timer_start
 .text.app_timer_stop
                0x0000000000026c24       0x20 Output/ble_app_uart_pca10056_s140 Release/Obj/app_timer.o
                0x0000000000026c24                app_timer_stop
 .text.nrf_drv_uart_rx.constprop.0
                0x0000000000026c44       0x28 Output/ble_app_uart_pca10056_s140 Release/Obj/app_uart_fifo.o
 .text.nrf_drv_uart_tx.constprop.2
                0x0000000000026c6c       0x28 Output/ble_app_uart_pca10056_s140 Release/Obj/app_uart_fifo.o
 .text.uart_event_handler
                0x0000000000026c94       0x9c Output/ble_app_uart_pca10056_s140 Release/Obj/app_uart_fifo.o
 .text.app_uart_init
                0x0000000000026d30       0xb0 Output/ble_app_uart_pca10056_s140 Release/Obj/app_uart_fifo.o
                0x0000000000026d30                app_uart_init
 .text.app_uart_get
                0x0000000000026de0       0x2c Output/ble_app_uart_pca10056_s140 Release/Obj/app_uart_fifo.o
                0x0000000000026de0                app_uart_get
 .text.app_uart_put
                0x0000000000026e0c       0x50 Output/ble_app_uart_pca10056_s140 Release/Obj/app_uart_fifo.o
                0x0000000000026e0c                app_uart_put
 .text.app_util_critical_region_enter
                0x0000000000026e5c       0x48 Output/ble_app_uart_pca10056_s140 Release/Obj/app_util_platform.o
                0x0000000000026e5c                app_util_critical_region_enter
 .text.app_util_critical_region_exit
                0x0000000000026ea4       0x2c Output/ble_app_uart_pca10056_s140 Release/Obj/app_util_platform.o
                0x0000000000026ea4                app_util_critical_region_exit
 .text.nrf_atflags_set
                0x0000000000026ed0       0x12 Output/ble_app_uart_pca10056_s140 Release/Obj/nrf_atflags.o
                0x0000000000026ed0                nrf_atflags_set
 .text.nrf_atflags_clear
                0x0000000000026ee2       0x14 Output/ble_app_uart_pca10056_s140 Release/Obj/nrf_atflags.o
                0x0000000000026ee2                nrf_atflags_clear
 .text.nrf_atflags_get
                0x0000000000026ef6       0x12 Output/ble_app_uart_pca10056_s140 Release/Obj/nrf_atflags.o
                0x0000000000026ef6                nrf_atflags_get
 .text.nrf_atomic_u32_or
                0x0000000000026f08       0x16 Output/ble_app_uart_pca10056_s140 Release/Obj/nrf_atomic.o
                0x0000000000026f08                nrf_atomic_u32_or
 .text.nrf_atomic_u32_and
                0x0000000000026f1e       0x16 Output/ble_app_uart_pca10056_s140 Release/Obj/nrf_atomic.o
                0x0000000000026f1e                nrf_atomic_u32_and
 .text.sd_app_evt_wait
                0x0000000000026f34        0x4 Output/ble_app_uart_pca10056_s140 Release/Obj/nrf_pwr_mgmt.o
 .text.nrf_pwr_mgmt_init
                0x0000000000026f38       0x2c Output/ble_app_uart_pca10056_s140 Release/Obj/nrf_pwr_mgmt.o
                0x0000000000026f38                nrf_pwr_mgmt_init
 .text.nrf_pwr_mgmt_run
                0x0000000000026f64       0x4c Output/ble_app_uart_pca10056_s140 Release/Obj/nrf_pwr_mgmt.o
                0x0000000000026f64                nrf_pwr_mgmt_run
 .text.nrf_section_iter_init
                0x0000000000026fb0       0x14 Output/ble_app_uart_pca10056_s140 Release/Obj/nrf_section_iter.o
                0x0000000000026fb0                nrf_section_iter_init
 .text.nrf_section_iter_next
                0x0000000000026fc4       0x18 Output/ble_app_uart_pca10056_s140 Release/Obj/nrf_section_iter.o
                0x0000000000026fc4                nrf_section_iter_next
 .text.__putchar
                0x0000000000026fdc        0xe Output/ble_app_uart_pca10056_s140 Release/Obj/retarget.o
                0x0000000000026fdc                __putchar
 *fill*         0x0000000000026fea        0x2 
 .text.errata_98
                0x0000000000026fec       0x20 Output/ble_app_uart_pca10056_s140 Release/Obj/system_nrf52840.o
 .text.SystemInit
                0x000000000002700c      0x1b8 Output/ble_app_uart_pca10056_s140 Release/Obj/system_nrf52840.o
                0x000000000002700c                SystemInit
 .text.bsp_board_led_state_get
                0x00000000000271c4       0x28 Output/ble_app_uart_pca10056_s140 Release/Obj/boards.o
                0x00000000000271c4                bsp_board_led_state_get
 .text.bsp_board_led_on
                0x00000000000271ec       0x28 Output/ble_app_uart_pca10056_s140 Release/Obj/boards.o
                0x00000000000271ec                bsp_board_led_on
 .text.bsp_board_led_off
                0x0000000000027214       0x28 Output/ble_app_uart_pca10056_s140 Release/Obj/boards.o
                0x0000000000027214                bsp_board_led_off
 .text.bsp_board_leds_off
                0x000000000002723c       0x1e Output/ble_app_uart_pca10056_s140 Release/Obj/boards.o
                0x000000000002723c                bsp_board_leds_off
 .text.bsp_board_leds_on
                0x000000000002725a       0x1e Output/ble_app_uart_pca10056_s140 Release/Obj/boards.o
                0x000000000002725a                bsp_board_leds_on
 .text.bsp_board_led_invert
                0x0000000000027278       0x34 Output/ble_app_uart_pca10056_s140 Release/Obj/boards.o
                0x0000000000027278                bsp_board_led_invert
 .text.bsp_board_button_state_get
                0x00000000000272ac       0x28 Output/ble_app_uart_pca10056_s140 Release/Obj/boards.o
                0x00000000000272ac                bsp_board_button_state_get
 .text.bsp_board_pin_to_button_idx
                0x00000000000272d4       0x24 Output/ble_app_uart_pca10056_s140 Release/Obj/boards.o
                0x00000000000272d4                bsp_board_pin_to_button_idx
 .text.bsp_board_button_idx_to_pin
                0x00000000000272f8        0xc Output/ble_app_uart_pca10056_s140 Release/Obj/boards.o
                0x00000000000272f8                bsp_board_button_idx_to_pin
 .text.bsp_board_init
                0x0000000000027304       0x3e Output/ble_app_uart_pca10056_s140 Release/Obj/boards.o
                0x0000000000027304                bsp_board_init
 *fill*         0x0000000000027342        0x2 
 .text.clock_clk_started_notify
                0x0000000000027344       0x24 Output/ble_app_uart_pca10056_s140 Release/Obj/nrf_drv_clock.o
 .text.clock_irq_handler
                0x0000000000027368       0x1c Output/ble_app_uart_pca10056_s140 Release/Obj/nrf_drv_clock.o
 .text.soc_evt_handler
                0x0000000000027384       0x14 Output/ble_app_uart_pca10056_s140 Release/Obj/nrf_drv_clock.o
 .text.nrf_drv_clock_init
                0x0000000000027398       0x38 Output/ble_app_uart_pca10056_s140 Release/Obj/nrf_drv_clock.o
                0x0000000000027398                nrf_drv_clock_init
 .text.nrf_drv_clock_lfclk_release
                0x00000000000273d0       0x34 Output/ble_app_uart_pca10056_s140 Release/Obj/nrf_drv_clock.o
                0x00000000000273d0                nrf_drv_clock_lfclk_release
 .text.sd_state_evt_handler
                0x0000000000027404       0x58 Output/ble_app_uart_pca10056_s140 Release/Obj/nrf_drv_clock.o
 .text.uarte_evt_handler
                0x000000000002745c       0x34 Output/ble_app_uart_pca10056_s140 Release/Obj/nrf_drv_uart.o
 .text.uart_evt_handler
                0x0000000000027490       0x34 Output/ble_app_uart_pca10056_s140 Release/Obj/nrf_drv_uart.o
 .text.nrf_drv_uart_init
                0x00000000000274c4       0x78 Output/ble_app_uart_pca10056_s140 Release/Obj/nrf_drv_uart.o
                0x00000000000274c4                nrf_drv_uart_init
 .text.nrfx_clock_init
                0x000000000002753c       0x18 Output/ble_app_uart_pca10056_s140 Release/Obj/nrfx_clock.o
                0x000000000002753c                nrfx_clock_init
 .text.nrfx_clock_enable
                0x0000000000027554       0x24 Output/ble_app_uart_pca10056_s140 Release/Obj/nrfx_clock.o
                0x0000000000027554                nrfx_clock_enable
 .text.nrfx_clock_lfclk_stop
                0x0000000000027578       0x18 Output/ble_app_uart_pca10056_s140 Release/Obj/nrfx_clock.o
                0x0000000000027578                nrfx_clock_lfclk_stop
 .text.POWER_CLOCK_IRQHandler
                0x0000000000027590       0x64 Output/ble_app_uart_pca10056_s140 Release/Obj/nrfx_clock.o
                0x0000000000027590                POWER_CLOCK_IRQHandler
 .text.nrf_gpiote_event_clear
                0x00000000000275f4       0x18 Output/ble_app_uart_pca10056_s140 Release/Obj/nrfx_gpiote.o
 .text.nrf_gpio_pin_port_decode
                0x000000000002760c       0x18 Output/ble_app_uart_pca10056_s140 Release/Obj/nrfx_gpiote.o
 .text.nrf_gpio_cfg_sense_set
                0x0000000000027624       0x2e Output/ble_app_uart_pca10056_s140 Release/Obj/nrfx_gpiote.o
 *fill*         0x0000000000027652        0x2 
 .text.channel_free
                0x0000000000027654       0x1c Output/ble_app_uart_pca10056_s140 Release/Obj/nrfx_gpiote.o
 .text.nrfx_gpiote_init
                0x0000000000027670       0x70 Output/ble_app_uart_pca10056_s140 Release/Obj/nrfx_gpiote.o
                0x0000000000027670                nrfx_gpiote_init
 .text.nrfx_gpiote_is_init
                0x00000000000276e0       0x14 Output/ble_app_uart_pca10056_s140 Release/Obj/nrfx_gpiote.o
                0x00000000000276e0                nrfx_gpiote_is_init
 .text.nrfx_gpiote_in_init
                0x00000000000276f4       0xf8 Output/ble_app_uart_pca10056_s140 Release/Obj/nrfx_gpiote.o
                0x00000000000276f4                nrfx_gpiote_in_init
 .text.nrfx_gpiote_in_event_enable
                0x00000000000277ec       0x94 Output/ble_app_uart_pca10056_s140 Release/Obj/nrfx_gpiote.o
                0x00000000000277ec                nrfx_gpiote_in_event_enable
 .text.nrfx_gpiote_in_is_set
                0x0000000000027880       0x1c Output/ble_app_uart_pca10056_s140 Release/Obj/nrfx_gpiote.o
                0x0000000000027880                nrfx_gpiote_in_is_set
 .text.GPIOTE_IRQHandler
                0x000000000002789c      0x1ac Output/ble_app_uart_pca10056_s140 Release/Obj/nrfx_gpiote.o
                0x000000000002789c                GPIOTE_IRQHandler
 .text.UARTE0_UART0_IRQHandler
                0x0000000000027a48        0xc Output/ble_app_uart_pca10056_s140 Release/Obj/nrfx_prs.o
                0x0000000000027a48                UARTE0_UART0_IRQHandler
 .text.nrfx_prs_acquire
                0x0000000000027a54       0x44 Output/ble_app_uart_pca10056_s140 Release/Obj/nrfx_prs.o
                0x0000000000027a54                nrfx_prs_acquire
 .text.nrf_uart_event_clear
                0x0000000000027a98       0x10 Output/ble_app_uart_pca10056_s140 Release/Obj/nrfx_uart.o
 .text.tx_byte  0x0000000000027aa8       0x1e Output/ble_app_uart_pca10056_s140 Release/Obj/nrfx_uart.o
 .text.rx_enable.isra.4
                0x0000000000027ac6       0x20 Output/ble_app_uart_pca10056_s140 Release/Obj/nrfx_uart.o
 .text.rx_byte  0x0000000000027ae6       0x2c Output/ble_app_uart_pca10056_s140 Release/Obj/nrfx_uart.o
 *fill*         0x0000000000027b12        0x2 
 .text.rx_done_event.constprop.7
                0x0000000000027b14       0x20 Output/ble_app_uart_pca10056_s140 Release/Obj/nrfx_uart.o
 .text.nrfx_uart_0_irq_handler
                0x0000000000027b34      0x13c Output/ble_app_uart_pca10056_s140 Release/Obj/nrfx_uart.o
                0x0000000000027b34                nrfx_uart_0_irq_handler
 .text.nrfx_uart_init
                0x0000000000027c70      0x1a8 Output/ble_app_uart_pca10056_s140 Release/Obj/nrfx_uart.o
                0x0000000000027c70                nrfx_uart_init
 .text.nrfx_uart_tx
                0x0000000000027e18       0x90 Output/ble_app_uart_pca10056_s140 Release/Obj/nrfx_uart.o
                0x0000000000027e18                nrfx_uart_tx
 .text.nrfx_uart_tx_in_progress
                0x0000000000027ea8       0x18 Output/ble_app_uart_pca10056_s140 Release/Obj/nrfx_uart.o
                0x0000000000027ea8                nrfx_uart_tx_in_progress
 .text.nrfx_uart_rx
                0x0000000000027ec0       0xf0 Output/ble_app_uart_pca10056_s140 Release/Obj/nrfx_uart.o
                0x0000000000027ec0                nrfx_uart_rx
 .text.nrf_uarte_event_clear
                0x0000000000027fb0       0x10 Output/ble_app_uart_pca10056_s140 Release/Obj/nrfx_uarte.o
 .text.rx_done_event.constprop.6
                0x0000000000027fc0       0x20 Output/ble_app_uart_pca10056_s140 Release/Obj/nrfx_uarte.o
 .text.nrfx_uarte_0_irq_handler
                0x0000000000027fe0       0xe8 Output/ble_app_uart_pca10056_s140 Release/Obj/nrfx_uarte.o
                0x0000000000027fe0                nrfx_uarte_0_irq_handler
 .text.nrfx_uarte_init
                0x00000000000280c8      0x1b8 Output/ble_app_uart_pca10056_s140 Release/Obj/nrfx_uarte.o
                0x00000000000280c8                nrfx_uarte_init
 .text.nrfx_uarte_tx
                0x0000000000028280       0x84 Output/ble_app_uart_pca10056_s140 Release/Obj/nrfx_uarte.o
                0x0000000000028280                nrfx_uarte_tx
 .text.nrfx_uarte_tx_in_progress
                0x0000000000028304       0x18 Output/ble_app_uart_pca10056_s140 Release/Obj/nrfx_uarte.o
                0x0000000000028304                nrfx_uarte_tx_in_progress
 .text.nrfx_uarte_rx
                0x000000000002831c       0xd8 Output/ble_app_uart_pca10056_s140 Release/Obj/nrfx_uarte.o
                0x000000000002831c                nrfx_uarte_rx
 .text.alert_timer_handler
                0x00000000000283f4        0x6 Output/ble_app_uart_pca10056_s140 Release/Obj/bsp.o
 *fill*         0x00000000000283fa        0x2 
 .text.bsp_button_event_handler
                0x00000000000283fc       0x9c Output/ble_app_uart_pca10056_s140 Release/Obj/bsp.o
 .text.button_timer_handler
                0x0000000000028498        0x8 Output/ble_app_uart_pca10056_s140 Release/Obj/bsp.o
 .text.leds_off
                0x00000000000284a0       0x2c Output/ble_app_uart_pca10056_s140 Release/Obj/bsp.o
 .text.bsp_led_indication
                0x00000000000284cc      0x204 Output/ble_app_uart_pca10056_s140 Release/Obj/bsp.o
 .text.leds_timer_handler
                0x00000000000286d0       0x1c Output/ble_app_uart_pca10056_s140 Release/Obj/bsp.o
 .text.wakeup_button_cfg.part.2
                0x00000000000286ec       0x40 Output/ble_app_uart_pca10056_s140 Release/Obj/bsp.o
 .text.bsp_button_is_pressed
                0x000000000002872c        0xc Output/ble_app_uart_pca10056_s140 Release/Obj/bsp.o
                0x000000000002872c                bsp_button_is_pressed
 .text.bsp_indication_set
                0x0000000000028738       0x18 Output/ble_app_uart_pca10056_s140 Release/Obj/bsp.o
                0x0000000000028738                bsp_indication_set
 .text.bsp_init
                0x0000000000028750       0x9c Output/ble_app_uart_pca10056_s140 Release/Obj/bsp.o
                0x0000000000028750                bsp_init
 .text.bsp_event_to_button_action_assign
                0x00000000000287ec       0x4c Output/ble_app_uart_pca10056_s140 Release/Obj/bsp.o
                0x00000000000287ec                bsp_event_to_button_action_assign
 .text.bsp_wakeup_button_enable
                0x0000000000028838        0xe Output/ble_app_uart_pca10056_s140 Release/Obj/bsp.o
                0x0000000000028838                bsp_wakeup_button_enable
 .text.advertising_buttons_configure
                0x0000000000028846       0x36 Output/ble_app_uart_pca10056_s140 Release/Obj/bsp_btn_ble.o
 .text.ble_evt_handler
                0x000000000002887c       0x80 Output/ble_app_uart_pca10056_s140 Release/Obj/bsp_btn_ble.o
 .text.bsp_btn_ble_sleep_mode_prepare
                0x00000000000288fc       0x1e Output/ble_app_uart_pca10056_s140 Release/Obj/bsp_btn_ble.o
                0x00000000000288fc                bsp_btn_ble_sleep_mode_prepare
 *fill*         0x000000000002891a        0x2 
 .text.bsp_btn_ble_init
                0x000000000002891c       0x40 Output/ble_app_uart_pca10056_s140 Release/Obj/bsp_btn_ble.o
                0x000000000002891c                bsp_btn_ble_init
 .text.sd_power_system_off
                0x000000000002895c        0x4 Output/ble_app_uart_pca10056_s140 Release/Obj/main.o
 .text.sd_ble_gap_disconnect
                0x0000000000028960        0x4 Output/ble_app_uart_pca10056_s140 Release/Obj/main.o
 .text.sd_ble_gap_ppcp_set
                0x0000000000028964        0x4 Output/ble_app_uart_pca10056_s140 Release/Obj/main.o
 .text.sd_ble_gap_device_name_set
                0x0000000000028968        0x4 Output/ble_app_uart_pca10056_s140 Release/Obj/main.o
 .text.sd_ble_gap_sec_params_reply
                0x000000000002896c        0x4 Output/ble_app_uart_pca10056_s140 Release/Obj/main.o
 .text.sd_ble_gap_phy_update
                0x0000000000028970        0x4 Output/ble_app_uart_pca10056_s140 Release/Obj/main.o
 .text.sd_ble_gatts_sys_attr_set
                0x0000000000028974        0x4 Output/ble_app_uart_pca10056_s140 Release/Obj/main.o
 .text.nrf_qwr_error_handler
                0x0000000000028978        0x4 Output/ble_app_uart_pca10056_s140 Release/Obj/main.o
 .text.sleep_mode_enter
                0x000000000002897c       0x28 Output/ble_app_uart_pca10056_s140 Release/Obj/main.o
 .text.ble_evt_handler
                0x00000000000289a4       0x94 Output/ble_app_uart_pca10056_s140 Release/Obj/main.o
 .text.gatt_evt_handler
                0x0000000000028a38       0x28 Output/ble_app_uart_pca10056_s140 Release/Obj/main.o
                0x0000000000028a38                gatt_evt_handler
 .text.on_conn_params_evt
                0x0000000000028a60       0x20 Output/ble_app_uart_pca10056_s140 Release/Obj/main.o
 .text.bsp_event_handler
                0x0000000000028a80       0x4c Output/ble_app_uart_pca10056_s140 Release/Obj/main.o
                0x0000000000028a80                bsp_event_handler
 .text.on_adv_evt
                0x0000000000028acc       0x22 Output/ble_app_uart_pca10056_s140 Release/Obj/main.o
 .text.nus_data_handler
                0x0000000000028aee       0x3a Output/ble_app_uart_pca10056_s140 Release/Obj/main.o
 .text.uart_event_handle
                0x0000000000028b28      0x118 Output/ble_app_uart_pca10056_s140 Release/Obj/main.o
                0x0000000000028b28                uart_event_handle
 .text.conn_params_error_handler
                0x0000000000028c40        0x4 Output/ble_app_uart_pca10056_s140 Release/Obj/main.o
 .text.gatt_init
                0x0000000000028c44       0x2c Output/ble_app_uart_pca10056_s140 Release/Obj/main.o
                0x0000000000028c44                gatt_init
 .text.send_some_data_uart_init
                0x0000000000028c70       0x30 Output/ble_app_uart_pca10056_s140 Release/Obj/main.o
                0x0000000000028c70                send_some_data_uart_init
 .text.startup.main
                0x0000000000028ca0      0x204 Output/ble_app_uart_pca10056_s140 Release/Obj/main.o
                0x0000000000028ca0                main
 .text.sd_ble_gap_addr_get
                0x0000000000028ea4        0x4 Output/ble_app_uart_pca10056_s140 Release/Obj/ble_advdata.o
 .text.sd_ble_gap_appearance_get
                0x0000000000028ea8        0x4 Output/ble_app_uart_pca10056_s140 Release/Obj/ble_advdata.o
 .text.sd_ble_gap_device_name_get
                0x0000000000028eac        0x4 Output/ble_app_uart_pca10056_s140 Release/Obj/ble_advdata.o
 .text.sd_ble_uuid_encode
                0x0000000000028eb0        0x4 Output/ble_app_uart_pca10056_s140 Release/Obj/ble_advdata.o
 .text.uuid_list_sized_encode
                0x0000000000028eb4       0xac Output/ble_app_uart_pca10056_s140 Release/Obj/ble_advdata.o
 .text.uuid_list_encode
                0x0000000000028f60       0x38 Output/ble_app_uart_pca10056_s140 Release/Obj/ble_advdata.o
 .text.ble_advdata_encode
                0x0000000000028f98      0x394 Output/ble_app_uart_pca10056_s140 Release/Obj/ble_advdata.o
                0x0000000000028f98                ble_advdata_encode
 .text.ble_advdata_search
                0x000000000002932c       0x38 Output/ble_app_uart_pca10056_s140 Release/Obj/ble_advdata.o
                0x000000000002932c                ble_advdata_search
 .text.ble_advdata_parse
                0x0000000000029364       0x20 Output/ble_app_uart_pca10056_s140 Release/Obj/ble_advdata.o
                0x0000000000029364                ble_advdata_parse
 .text.sd_ble_gap_adv_set_configure
                0x0000000000029384        0x4 Output/ble_app_uart_pca10056_s140 Release/Obj/ble_advertising.o
 .text.sd_ble_gap_adv_start
                0x0000000000029388        0x4 Output/ble_app_uart_pca10056_s140 Release/Obj/ble_advertising.o
 .text.sd_ble_gap_adv_stop
                0x000000000002938c        0x4 Output/ble_app_uart_pca10056_s140 Release/Obj/ble_advertising.o
 .text.flags_set
                0x0000000000029390       0x2c Output/ble_app_uart_pca10056_s140 Release/Obj/ble_advertising.o
 .text.ble_advertising_conn_cfg_tag_set
                0x00000000000293bc        0x6 Output/ble_app_uart_pca10056_s140 Release/Obj/ble_advertising.o
                0x00000000000293bc                ble_advertising_conn_cfg_tag_set
 .text.ble_advertising_init
                0x00000000000293c2       0xee Output/ble_app_uart_pca10056_s140 Release/Obj/ble_advertising.o
                0x00000000000293c2                ble_advertising_init
 .text.ble_advertising_start
                0x00000000000294b0      0x220 Output/ble_app_uart_pca10056_s140 Release/Obj/ble_advertising.o
                0x00000000000294b0                ble_advertising_start
 .text.ble_advertising_on_ble_evt
                0x00000000000296d0       0x6a Output/ble_app_uart_pca10056_s140 Release/Obj/ble_advertising.o
                0x00000000000296d0                ble_advertising_on_ble_evt
 .text.ble_advertising_on_sys_evt
                0x000000000002973a        0x2 Output/ble_app_uart_pca10056_s140 Release/Obj/ble_advertising.o
                0x000000000002973a                ble_advertising_on_sys_evt
 .text.ble_advertising_restart_without_whitelist
                0x000000000002973c       0x3c Output/ble_app_uart_pca10056_s140 Release/Obj/ble_advertising.o
                0x000000000002973c                ble_advertising_restart_without_whitelist
 .text.sd_ble_gap_conn_param_update
                0x0000000000029778        0x4 Output/ble_app_uart_pca10056_s140 Release/Obj/ble_conn_params.o
 .text.sd_ble_gap_disconnect
                0x000000000002977c        0x4 Output/ble_app_uart_pca10056_s140 Release/Obj/ble_conn_params.o
 .text.sd_ble_gap_ppcp_set
                0x0000000000029780        0x4 Output/ble_app_uart_pca10056_s140 Release/Obj/ble_conn_params.o
 .text.sd_ble_gap_ppcp_get
                0x0000000000029784        0x4 Output/ble_app_uart_pca10056_s140 Release/Obj/ble_conn_params.o
 .text.instance_get
                0x0000000000029788       0x14 Output/ble_app_uart_pca10056_s140 Release/Obj/ble_conn_params.o
 .text.send_error_evt
                0x000000000002979c       0x10 Output/ble_app_uart_pca10056_s140 Release/Obj/ble_conn_params.o
 .text.update_timeout_handler
                0x00000000000297ac       0x6c Output/ble_app_uart_pca10056_s140 Release/Obj/ble_conn_params.o
 .text.conn_params_negotiation
                0x0000000000029818       0x48 Output/ble_app_uart_pca10056_s140 Release/Obj/ble_conn_params.o
 .text.is_conn_params_ok.constprop.3
                0x0000000000029860       0x34 Output/ble_app_uart_pca10056_s140 Release/Obj/ble_conn_params.o
 .text.ble_evt_handler
                0x0000000000029894       0xe0 Output/ble_app_uart_pca10056_s140 Release/Obj/ble_conn_params.o
 .text.ble_conn_params_init
                0x0000000000029974       0x74 Output/ble_app_uart_pca10056_s140 Release/Obj/ble_conn_params.o
                0x0000000000029974                ble_conn_params_init
 .text.conn_handle_list_get
                0x00000000000299e8       0x2e Output/ble_app_uart_pca10056_s140 Release/Obj/ble_conn_state.o
                0x00000000000299e8                conn_handle_list_get
 *fill*         0x0000000000029a16        0x2 
 .text.ble_evt_handler
                0x0000000000029a18       0xd0 Output/ble_app_uart_pca10056_s140 Release/Obj/ble_conn_state.o
 .text.ble_conn_state_valid
                0x0000000000029ae8       0x14 Output/ble_app_uart_pca10056_s140 Release/Obj/ble_conn_state.o
                0x0000000000029ae8                ble_conn_state_valid
 .text.ble_conn_state_conn_idx
                0x0000000000029afc       0x12 Output/ble_app_uart_pca10056_s140 Release/Obj/ble_conn_state.o
                0x0000000000029afc                ble_conn_state_conn_idx
 .text.blcm_link_ctx_get
                0x0000000000029b0e       0x4e Output/ble_app_uart_pca10056_s140 Release/Obj/ble_link_ctx_manager.o
                0x0000000000029b0e                blcm_link_ctx_get
 .text.sd_ble_gatts_characteristic_add
                0x0000000000029b5c        0x4 Output/ble_app_uart_pca10056_s140 Release/Obj/ble_srv_common.o
 .text.set_security_req
                0x0000000000029b60       0x2a Output/ble_app_uart_pca10056_s140 Release/Obj/ble_srv_common.o
 .text.ble_srv_is_notification_enabled
                0x0000000000029b8a        0x8 Output/ble_app_uart_pca10056_s140 Release/Obj/ble_srv_common.o
                0x0000000000029b8a                ble_srv_is_notification_enabled
 .text.characteristic_add
                0x0000000000029b92      0x148 Output/ble_app_uart_pca10056_s140 Release/Obj/ble_srv_common.o
                0x0000000000029b92                characteristic_add
 .text.sd_ble_gap_data_length_update
                0x0000000000029cda        0x4 Output/ble_app_uart_pca10056_s140 Release/Obj/nrf_ble_gatt.o
 .text.sd_ble_gattc_exchange_mtu_request
                0x0000000000029cde        0x4 Output/ble_app_uart_pca10056_s140 Release/Obj/nrf_ble_gatt.o
 .text.sd_ble_gatts_exchange_mtu_reply
                0x0000000000029ce2        0x4 Output/ble_app_uart_pca10056_s140 Release/Obj/nrf_ble_gatt.o
 .text.data_length_update
                0x0000000000029ce6       0x22 Output/ble_app_uart_pca10056_s140 Release/Obj/nrf_ble_gatt.o
 .text.nrf_ble_gatt_init
                0x0000000000029d08       0x28 Output/ble_app_uart_pca10056_s140 Release/Obj/nrf_ble_gatt.o
                0x0000000000029d08                nrf_ble_gatt_init
 .text.nrf_ble_gatt_att_mtu_periph_set
                0x0000000000029d30       0x18 Output/ble_app_uart_pca10056_s140 Release/Obj/nrf_ble_gatt.o
                0x0000000000029d30                nrf_ble_gatt_att_mtu_periph_set
 .text.nrf_ble_gatt_on_ble_evt
                0x0000000000029d48      0x126 Output/ble_app_uart_pca10056_s140 Release/Obj/nrf_ble_gatt.o
                0x0000000000029d48                nrf_ble_gatt_on_ble_evt
 .text.sd_ble_gatts_rw_authorize_reply
                0x0000000000029e6e        0x4 Output/ble_app_uart_pca10056_s140 Release/Obj/nrf_ble_qwr.o
 .text.sd_ble_user_mem_reply
                0x0000000000029e72        0x4 Output/ble_app_uart_pca10056_s140 Release/Obj/nrf_ble_qwr.o
 .text.user_mem_reply.part.0
                0x0000000000029e76       0x24 Output/ble_app_uart_pca10056_s140 Release/Obj/nrf_ble_qwr.o
 .text.nrf_ble_qwr_init
                0x0000000000029e9a       0x24 Output/ble_app_uart_pca10056_s140 Release/Obj/nrf_ble_qwr.o
                0x0000000000029e9a                nrf_ble_qwr_init
 .text.nrf_ble_qwr_conn_handle_assign
                0x0000000000029ebe       0x16 Output/ble_app_uart_pca10056_s140 Release/Obj/nrf_ble_qwr.o
                0x0000000000029ebe                nrf_ble_qwr_conn_handle_assign
 .text.nrf_ble_qwr_on_ble_evt
                0x0000000000029ed4       0xa0 Output/ble_app_uart_pca10056_s140 Release/Obj/nrf_ble_qwr.o
                0x0000000000029ed4                nrf_ble_qwr_on_ble_evt
 .text.sd_ble_gatts_service_add
                0x0000000000029f74        0x4 Output/ble_app_uart_pca10056_s140 Release/Obj/ble_nus.o
 .text.sd_ble_gatts_value_get
                0x0000000000029f78        0x4 Output/ble_app_uart_pca10056_s140 Release/Obj/ble_nus.o
 .text.sd_ble_gatts_hvx
                0x0000000000029f7c        0x4 Output/ble_app_uart_pca10056_s140 Release/Obj/ble_nus.o
 .text.sd_ble_uuid_vs_add
                0x0000000000029f80        0x4 Output/ble_app_uart_pca10056_s140 Release/Obj/ble_nus.o
 .text.ble_nus_on_ble_evt
                0x0000000000029f84      0x132 Output/ble_app_uart_pca10056_s140 Release/Obj/ble_nus.o
                0x0000000000029f84                ble_nus_on_ble_evt
 *fill*         0x000000000002a0b6        0x2 
 .text.ble_nus_init
                0x000000000002a0b8       0xec Output/ble_app_uart_pca10056_s140 Release/Obj/ble_nus.o
                0x000000000002a0b8                ble_nus_init
 .text.ble_nus_data_send
                0x000000000002a1a4       0x66 Output/ble_app_uart_pca10056_s140 Release/Obj/ble_nus.o
                0x000000000002a1a4                ble_nus_data_send
 .text.sd_softdevice_enable
                0x000000000002a20a        0x4 Output/ble_app_uart_pca10056_s140 Release/Obj/nrf_sdh.o
 *fill*         0x000000000002a20e        0x2 
 .text.sdh_request_observer_notify
                0x000000000002a210       0x30 Output/ble_app_uart_pca10056_s140 Release/Obj/nrf_sdh.o
 .text.sdh_state_observer_notify
                0x000000000002a240       0x28 Output/ble_app_uart_pca10056_s140 Release/Obj/nrf_sdh.o
 .text.softdevices_evt_irq_enable
                0x000000000002a268       0x38 Output/ble_app_uart_pca10056_s140 Release/Obj/nrf_sdh.o
 .text.nrf_sdh_enable_request
                0x000000000002a2a0       0x7c Output/ble_app_uart_pca10056_s140 Release/Obj/nrf_sdh.o
                0x000000000002a2a0                nrf_sdh_enable_request
 .text.nrf_sdh_is_enabled
                0x000000000002a31c        0xc Output/ble_app_uart_pca10056_s140 Release/Obj/nrf_sdh.o
                0x000000000002a31c                nrf_sdh_is_enabled
 .text.nrf_sdh_evts_poll
                0x000000000002a328       0x28 Output/ble_app_uart_pca10056_s140 Release/Obj/nrf_sdh.o
                0x000000000002a328                nrf_sdh_evts_poll
 .text.SWI2_EGU2_IRQHandler
                0x000000000002a350        0x4 Output/ble_app_uart_pca10056_s140 Release/Obj/nrf_sdh.o
                0x000000000002a350                SWI2_EGU2_IRQHandler
 .text.sd_ble_enable
                0x000000000002a354        0x4 Output/ble_app_uart_pca10056_s140 Release/Obj/nrf_sdh_ble.o
 .text.sd_ble_cfg_set
                0x000000000002a358        0x4 Output/ble_app_uart_pca10056_s140 Release/Obj/nrf_sdh_ble.o
 .text.sd_ble_evt_get
                0x000000000002a35c        0x4 Output/ble_app_uart_pca10056_s140 Release/Obj/nrf_sdh_ble.o
 .text.nrf_sdh_ble_evts_poll.part.1
                0x000000000002a360       0x4c Output/ble_app_uart_pca10056_s140 Release/Obj/nrf_sdh_ble.o
 .text.nrf_sdh_ble_evts_poll
                0x000000000002a3ac       0x10 Output/ble_app_uart_pca10056_s140 Release/Obj/nrf_sdh_ble.o
 .text.nrf_sdh_ble_default_cfg_set
                0x000000000002a3bc       0xd0 Output/ble_app_uart_pca10056_s140 Release/Obj/nrf_sdh_ble.o
                0x000000000002a3bc                nrf_sdh_ble_default_cfg_set
 .text.nrf_sdh_ble_enable
                0x000000000002a48c       0x14 Output/ble_app_uart_pca10056_s140 Release/Obj/nrf_sdh_ble.o
                0x000000000002a48c                nrf_sdh_ble_enable
 .text.sd_evt_get
                0x000000000002a4a0        0x4 Output/ble_app_uart_pca10056_s140 Release/Obj/nrf_sdh_soc.o
 .text.nrf_sdh_soc_evts_poll
                0x000000000002a4a4       0x3c Output/ble_app_uart_pca10056_s140 Release/Obj/nrf_sdh_soc.o
 .text.libc.__int64_udivmod
                0x000000000002a4e0       0xce C:/Program Files/SEGGER/SEGGER Embedded Studio for ARM 4.30b/lib/libc_v7em_fpv4_sp_d16_hard_t_le_eabi.a(libc_asm.o)
                0x000000000002a4e0                __aeabi_uldivmod
                0x000000000002a4e0                __int64_udiv
                0x000000000002a4e0                __udivdi3
                0x000000000002a4e0                __int64_udivmod
 .text.libc.__putc
                0x000000000002a5ae       0x34 C:/Program Files/SEGGER/SEGGER Embedded Studio for ARM 4.30b/lib/libc_v7em_fpv4_sp_d16_hard_t_le_eabi.a(libc2.o)
                0x000000000002a5ae                __putc
 .text.libc.__RAL_print_padding
                0x000000000002a5e2       0x1c C:/Program Files/SEGGER/SEGGER Embedded Studio for ARM 4.30b/lib/libc_v7em_fpv4_sp_d16_hard_t_le_eabi.a(libc2.o)
                0x000000000002a5e2                __RAL_print_padding
 .text.libc.__RAL_pre_padding
                0x000000000002a5fe       0x1c C:/Program Files/SEGGER/SEGGER Embedded Studio for ARM 4.30b/lib/libc_v7em_fpv4_sp_d16_hard_t_le_eabi.a(libc2.o)
                0x000000000002a5fe                __RAL_pre_padding
 *fill*         0x000000000002a61a        0x2 
 .text.libc.printf
                0x000000000002a61c       0x40 C:/Program Files/SEGGER/SEGGER Embedded Studio for ARM 4.30b/lib/libc_v7em_fpv4_sp_d16_hard_t_le_eabi.a(libc2.o)
                0x000000000002a61c                printf
 .text.libc.snprintf
                0x000000000002a65c       0x28 C:/Program Files/SEGGER/SEGGER Embedded Studio for ARM 4.30b/lib/libc_v7em_fpv4_sp_d16_hard_t_le_eabi.a(libc2.o)
                0x000000000002a65c                snprintf
 .text.libc.strnlen
                0x000000000002a684       0x22 C:/Program Files/SEGGER/SEGGER Embedded Studio for ARM 4.30b/lib/libc_v7em_fpv4_sp_d16_hard_t_le_eabi.a(libc2.o)
                0x000000000002a684                strnlen
 .text.libc.memcpy
                0x000000000002a6a6       0x52 C:/Program Files/SEGGER/SEGGER Embedded Studio for ARM 4.30b/lib/libc_v7em_fpv4_sp_d16_hard_t_le_eabi.a(libc2_asm.o)
                0x000000000002a6a6                __aeabi_memcpy
                0x000000000002a6a6                memcpy
                0x000000000002a6b2                __aeabi_memcpy8
                0x000000000002a6b2                __aeabi_memcpy4
 .text.libc.memset
                0x000000000002a6f8       0x66 C:/Program Files/SEGGER/SEGGER Embedded Studio for ARM 4.30b/lib/libc_v7em_fpv4_sp_d16_hard_t_le_eabi.a(libc2_asm.o)
                0x000000000002a6f8                memset
 .text.libc.strlen
                0x000000000002a75e       0x60 C:/Program Files/SEGGER/SEGGER Embedded Studio for ARM 4.30b/lib/libc_v7em_fpv4_sp_d16_hard_t_le_eabi.a(libc2_asm.o)
                0x000000000002a75e                strlen
 .text.libc.__printf_lock
                0x000000000002a7be        0x2 C:/Program Files/SEGGER/SEGGER Embedded Studio for ARM 4.30b/lib/libc_v7em_fpv4_sp_d16_hard_t_le_eabi.a(libc.o)
                0x000000000002a7be                __printf_lock
 .text.libc.__printf_unlock
                0x000000000002a7c0        0x2 C:/Program Files/SEGGER/SEGGER Embedded Studio for ARM 4.30b/lib/libc_v7em_fpv4_sp_d16_hard_t_le_eabi.a(libc.o)
                0x000000000002a7c0                __printf_unlock
 *fill*         0x000000000002a7c2        0x2 
 .text.libc.__vfprintf_long
                0x000000000002a7c4      0x744 C:/Program Files/SEGGER/SEGGER Embedded Studio for ARM 4.30b/lib/libvfprintf_v7em_fpv4_sp_d16_hard_t_le_eabi.o
                0x000000000002a7c4                __vfprintf_long
                0x000000000002af08                __text_end__ = (__text_start__ + SIZEOF (.text))
                0x0000000000004b34                __text_size__ = SIZEOF (.text)
                0x000000000002af08                __text_load_end__ = __text_end__

.vfp11_veneer   0x0000000100000000        0x0
 .vfp11_veneer  0x0000000100000000        0x0 linker stubs

.v4_bx          0x0000000100000000        0x0
 .v4_bx         0x0000000100000000        0x0 linker stubs

.iplt           0x0000000100000000        0x0
 .iplt          0x0000000100000000        0x0 Output/ble_app_uart_pca10056_s140 Release/Obj/thumb_crt0.o
                0x0000000000000001                . = ASSERT (((__text_start__ == __text_end__) || ((__text_end__ - __FLASH_segment_start__) <= __FLASH_segment_size__)), error: .text is too large to fit in FLASH memory segment)
                0x000000000002af08                __sdh_soc_observers_load_start__ = ALIGN (__text_end__, 0x4)

.sdh_soc_observers
                0x000000000002af08       0x10
                0x000000000002af08                __sdh_soc_observers_start__ = .
                0x000000000002af08                __start_sdh_soc_observers = __sdh_soc_observers_start__
 *(SORT_BY_NAME(.sdh_soc_observers*))
 .sdh_soc_observers0
                0x000000000002af08        0x8 Output/ble_app_uart_pca10056_s140 Release/Obj/nrf_drv_clock.o
 .sdh_soc_observers1
                0x000000000002af10        0x8 Output/ble_app_uart_pca10056_s140 Release/Obj/main.o
                0x000000000002af18                __sdh_soc_observers_end__ = (__sdh_soc_observers_start__ + SIZEOF (.sdh_soc_observers))
                0x0000000000000010                __sdh_soc_observers_size__ = SIZEOF (.sdh_soc_observers)
                0x000000000002af18                __stop_sdh_soc_observers = __sdh_soc_observers_end__
                0x000000000002af18                __sdh_soc_observers_load_end__ = __sdh_soc_observers_end__
                0x0000000000000001                . = ASSERT (((__sdh_soc_observers_start__ == __sdh_soc_observers_end__) || ((__sdh_soc_observers_end__ - __FLASH_segment_start__) <= __FLASH_segment_size__)), error: .sdh_soc_observers is too large to fit in FLASH memory segment)
                0x000000000002af18                __sdh_ble_observers_load_start__ = ALIGN (__sdh_soc_observers_end__, 0x4)

.sdh_ble_observers
                0x000000000002af18       0x40
                0x000000000002af18                __sdh_ble_observers_start__ = .
                0x000000000002af18                __start_sdh_ble_observers = __sdh_ble_observers_start__
 *(SORT_BY_NAME(.sdh_ble_observers*))
 .sdh_ble_observers0
                0x000000000002af18        0x8 Output/ble_app_uart_pca10056_s140 Release/Obj/ble_conn_state.o
 .sdh_ble_observers1
                0x000000000002af20        0x8 Output/ble_app_uart_pca10056_s140 Release/Obj/bsp_btn_ble.o
 .sdh_ble_observers1
                0x000000000002af28       0x10 Output/ble_app_uart_pca10056_s140 Release/Obj/main.o
 .sdh_ble_observers1
                0x000000000002af38        0x8 Output/ble_app_uart_pca10056_s140 Release/Obj/ble_conn_params.o
 .sdh_ble_observers2
                0x000000000002af40       0x10 Output/ble_app_uart_pca10056_s140 Release/Obj/main.o
 .sdh_ble_observers3
                0x000000000002af50        0x8 Output/ble_app_uart_pca10056_s140 Release/Obj/main.o
                0x000000000002af58                __sdh_ble_observers_end__ = (__sdh_ble_observers_start__ + SIZEOF (.sdh_ble_observers))
                0x0000000000000040                __sdh_ble_observers_size__ = SIZEOF (.sdh_ble_observers)
                0x000000000002af58                __stop_sdh_ble_observers = __sdh_ble_observers_end__
                0x000000000002af58                __sdh_ble_observers_load_end__ = __sdh_ble_observers_end__
                0x0000000000000001                . = ASSERT (((__sdh_ble_observers_start__ == __sdh_ble_observers_end__) || ((__sdh_ble_observers_end__ - __FLASH_segment_start__) <= __FLASH_segment_size__)), error: .sdh_ble_observers is too large to fit in FLASH memory segment)
                0x000000000002af58                __pwr_mgmt_data_load_start__ = ALIGN (__sdh_ble_observers_end__, 0x4)

.pwr_mgmt_data  0x000000000002af58        0x0
                0x000000000002af58                __pwr_mgmt_data_start__ = .
                0x000000000002af58                __start_pwr_mgmt_data = __pwr_mgmt_data_start__
 *(SORT_BY_NAME(.pwr_mgmt_data*))
                0x000000000002af58                __pwr_mgmt_data_end__ = (__pwr_mgmt_data_start__ + SIZEOF (.pwr_mgmt_data))
                0x0000000000000000                __pwr_mgmt_data_size__ = SIZEOF (.pwr_mgmt_data)
                0x000000000002af58                __stop_pwr_mgmt_data = __pwr_mgmt_data_end__
                0x000000000002af58                __pwr_mgmt_data_load_end__ = __pwr_mgmt_data_end__
                0x0000000000000001                . = ASSERT (((__pwr_mgmt_data_start__ == __pwr_mgmt_data_end__) || ((__pwr_mgmt_data_end__ - __FLASH_segment_start__) <= __FLASH_segment_size__)), error: .pwr_mgmt_data is too large to fit in FLASH memory segment)
                0x000000000002af58                __sdh_req_observers_load_start__ = ALIGN (__pwr_mgmt_data_end__, 0x4)

.sdh_req_observers
                0x000000000002af58        0x0
                0x000000000002af58                __sdh_req_observers_start__ = .
                0x000000000002af58                __start_sdh_req_observers = __sdh_req_observers_start__
 *(SORT_BY_NAME(.sdh_req_observers*))
                0x000000000002af58                __sdh_req_observers_end__ = (__sdh_req_observers_start__ + SIZEOF (.sdh_req_observers))
                0x0000000000000000                __sdh_req_observers_size__ = SIZEOF (.sdh_req_observers)
                0x000000000002af58                __stop_sdh_req_observers = __sdh_req_observers_end__
                0x000000000002af58                __sdh_req_observers_load_end__ = __sdh_req_observers_end__
                0x0000000000000001                . = ASSERT (((__sdh_req_observers_start__ == __sdh_req_observers_end__) || ((__sdh_req_observers_end__ - __FLASH_segment_start__) <= __FLASH_segment_size__)), error: .sdh_req_observers is too large to fit in FLASH memory segment)
                0x000000000002af58                __sdh_state_observers_load_start__ = ALIGN (__sdh_req_observers_end__, 0x4)

.sdh_state_observers
                0x000000000002af58        0x8
                0x000000000002af58                __sdh_state_observers_start__ = .
                0x000000000002af58                __start_sdh_state_observers = __sdh_state_observers_start__
 *(SORT_BY_NAME(.sdh_state_observers*))
 .sdh_state_observers0
                0x000000000002af58        0x8 Output/ble_app_uart_pca10056_s140 Release/Obj/nrf_drv_clock.o
                0x000000000002af60                __sdh_state_observers_end__ = (__sdh_state_observers_start__ + SIZEOF (.sdh_state_observers))
                0x0000000000000008                __sdh_state_observers_size__ = SIZEOF (.sdh_state_observers)
                0x000000000002af60                __stop_sdh_state_observers = __sdh_state_observers_end__
                0x000000000002af60                __sdh_state_observers_load_end__ = __sdh_state_observers_end__
                0x0000000000000001                . = ASSERT (((__sdh_state_observers_start__ == __sdh_state_observers_end__) || ((__sdh_state_observers_end__ - __FLASH_segment_start__) <= __FLASH_segment_size__)), error: .sdh_state_observers is too large to fit in FLASH memory segment)
                0x000000000002af60                __sdh_stack_observers_load_start__ = ALIGN (__sdh_state_observers_end__, 0x4)

.sdh_stack_observers
                0x000000000002af60       0x10
                0x000000000002af60                __sdh_stack_observers_start__ = .
                0x000000000002af60                __start_sdh_stack_observers = __sdh_stack_observers_start__
 *(SORT_BY_NAME(.sdh_stack_observers*))
 .sdh_stack_observers0
                0x000000000002af60        0x8 Output/ble_app_uart_pca10056_s140 Release/Obj/nrf_sdh_ble.o
 .sdh_stack_observers0
                0x000000000002af68        0x8 Output/ble_app_uart_pca10056_s140 Release/Obj/nrf_sdh_soc.o
                0x000000000002af70                __sdh_stack_observers_end__ = (__sdh_stack_observers_start__ + SIZEOF (.sdh_stack_observers))
                0x0000000000000010                __sdh_stack_observers_size__ = SIZEOF (.sdh_stack_observers)
                0x000000000002af70                __stop_sdh_stack_observers = __sdh_stack_observers_end__
                0x000000000002af70                __sdh_stack_observers_load_end__ = __sdh_stack_observers_end__
                0x0000000000000001                . = ASSERT (((__sdh_stack_observers_start__ == __sdh_stack_observers_end__) || ((__sdh_stack_observers_end__ - __FLASH_segment_start__) <= __FLASH_segment_size__)), error: .sdh_stack_observers is too large to fit in FLASH memory segment)
                0x000000000002af70                __nrf_queue_load_start__ = ALIGN (__sdh_stack_observers_end__, 0x4)

.nrf_queue      0x000000000002af70        0x0
                0x000000000002af70                __nrf_queue_start__ = .
                0x000000000002af70                __start_nrf_queue = __nrf_queue_start__
 *(.nrf_queue*)
                0x000000000002af70                __nrf_queue_end__ = (__nrf_queue_start__ + SIZEOF (.nrf_queue))
                0x0000000000000000                __nrf_queue_size__ = SIZEOF (.nrf_queue)
                0x000000000002af70                __stop_nrf_queue = __nrf_queue_end__
                0x000000000002af70                __nrf_queue_load_end__ = __nrf_queue_end__
                0x0000000000000001                . = ASSERT (((__nrf_queue_start__ == __nrf_queue_end__) || ((__nrf_queue_end__ - __FLASH_segment_start__) <= __FLASH_segment_size__)), error: .nrf_queue is too large to fit in FLASH memory segment)
                0x000000000002af70                __nrf_balloc_load_start__ = ALIGN (__nrf_queue_end__, 0x4)

.nrf_balloc     0x000000000002af70        0x0
                0x000000000002af70                __nrf_balloc_start__ = .
                0x000000000002af70                __start_nrf_balloc = __nrf_balloc_start__
 *(.nrf_balloc*)
                0x000000000002af70                __nrf_balloc_end__ = (__nrf_balloc_start__ + SIZEOF (.nrf_balloc))
                0x0000000000000000                __nrf_balloc_size__ = SIZEOF (.nrf_balloc)
                0x000000000002af70                __stop_nrf_balloc = __nrf_balloc_end__
                0x000000000002af70                __nrf_balloc_load_end__ = __nrf_balloc_end__
                0x0000000000000001                . = ASSERT (((__nrf_balloc_start__ == __nrf_balloc_end__) || ((__nrf_balloc_end__ - __FLASH_segment_start__) <= __FLASH_segment_size__)), error: .nrf_balloc is too large to fit in FLASH memory segment)
                0x000000000002af70                __cli_command_load_start__ = ALIGN (__nrf_balloc_end__, 0x4)

.cli_command    0x000000000002af70        0x0
                0x000000000002af70                __cli_command_start__ = .
                0x000000000002af70                __start_cli_command = __cli_command_start__
 *(.cli_command*)
                0x000000000002af70                __cli_command_end__ = (__cli_command_start__ + SIZEOF (.cli_command))
                0x0000000000000000                __cli_command_size__ = SIZEOF (.cli_command)
                0x000000000002af70                __stop_cli_command = __cli_command_end__
                0x000000000002af70                __cli_command_load_end__ = __cli_command_end__
                0x0000000000000001                . = ASSERT (((__cli_command_start__ == __cli_command_end__) || ((__cli_command_end__ - __FLASH_segment_start__) <= __FLASH_segment_size__)), error: .cli_command is too large to fit in FLASH memory segment)
                0x000000000002af70                __crypto_data_load_start__ = ALIGN (__cli_command_end__, 0x4)

.crypto_data    0x000000000002af70        0x0
                0x000000000002af70                __crypto_data_start__ = .
                0x000000000002af70                __start_crypto_data = __crypto_data_start__
 *(SORT_BY_NAME(.crypto_data*))
                0x000000000002af70                __crypto_data_end__ = (__crypto_data_start__ + SIZEOF (.crypto_data))
                0x0000000000000000                __crypto_data_size__ = SIZEOF (.crypto_data)
                0x000000000002af70                __stop_crypto_data = __crypto_data_end__
                0x000000000002af70                __crypto_data_load_end__ = __crypto_data_end__
                0x0000000000000001                . = ASSERT (((__crypto_data_start__ == __crypto_data_end__) || ((__crypto_data_end__ - __FLASH_segment_start__) <= __FLASH_segment_size__)), error: .crypto_data is too large to fit in FLASH memory segment)
                0x000000000002af70                __log_const_data_load_start__ = ALIGN (__crypto_data_end__, 0x4)

.log_const_data
                0x000000000002af70        0x0
                0x000000000002af70                __log_const_data_start__ = .
                0x000000000002af70                __start_log_const_data = __log_const_data_start__
 *(SORT_BY_NAME(.log_const_data*))
                0x000000000002af70                __log_const_data_end__ = (__log_const_data_start__ + SIZEOF (.log_const_data))
                0x0000000000000000                __log_const_data_size__ = SIZEOF (.log_const_data)
                0x000000000002af70                __stop_log_const_data = __log_const_data_end__
                0x000000000002af70                __log_const_data_load_end__ = __log_const_data_end__
                0x0000000000000001                . = ASSERT (((__log_const_data_start__ == __log_const_data_end__) || ((__log_const_data_end__ - __FLASH_segment_start__) <= __FLASH_segment_size__)), error: .log_const_data is too large to fit in FLASH memory segment)
                0x000000000002af70                __log_backends_load_start__ = ALIGN (__log_const_data_end__, 0x4)

.log_backends   0x000000000002af70        0x0
                0x000000000002af70                __log_backends_start__ = .
                0x000000000002af70                __start_log_backends = __log_backends_start__
 *(SORT_BY_NAME(.log_backends*))
                0x000000000002af70                __log_backends_end__ = (__log_backends_start__ + SIZEOF (.log_backends))
                0x0000000000000000                __log_backends_size__ = SIZEOF (.log_backends)
                0x000000000002af70                __stop_log_backends = __log_backends_end__
                0x000000000002af70                __log_backends_load_end__ = __log_backends_end__
                0x0000000000000001                . = ASSERT (((__log_backends_start__ == __log_backends_end__) || ((__log_backends_end__ - __FLASH_segment_start__) <= __FLASH_segment_size__)), error: .log_backends is too large to fit in FLASH memory segment)
                0x000000000002af70                __nrf_sections_load_start__ = ALIGN (__log_backends_end__, 0x4)

.nrf_sections   0x000000000002af70        0x0
                0x000000000002af70                __nrf_sections_start__ = .
                0x000000000002af70                __start_nrf_sections = __nrf_sections_start__
 *(.nrf_sections .nrf_sections.*)
                0x000000000002af70                __nrf_sections_end__ = (__nrf_sections_start__ + SIZEOF (.nrf_sections))
                0x0000000000000000                __nrf_sections_size__ = SIZEOF (.nrf_sections)
                0x000000000002af70                __nrf_sections_load_end__ = __nrf_sections_end__
                0x0000000000000001                . = ASSERT (((__nrf_sections_start__ == __nrf_sections_end__) || ((__nrf_sections_end__ - __FLASH_segment_start__) <= __FLASH_segment_size__)), error: .nrf_sections is too large to fit in FLASH memory segment)
                0x000000000002af70                __cli_sorted_cmd_ptrs_load_start__ = ALIGN (__nrf_sections_end__, 0x4)

.cli_sorted_cmd_ptrs
                0x0000000020002a98        0x0 load address 0x000000000002af70
                0x0000000020002a98                __cli_sorted_cmd_ptrs_start__ = .
 *(.cli_sorted_cmd_ptrs*)
                0x0000000020002a98                __cli_sorted_cmd_ptrs_end__ = (__cli_sorted_cmd_ptrs_start__ + SIZEOF (.cli_sorted_cmd_ptrs))
                0x0000000000000000                __cli_sorted_cmd_ptrs_size__ = SIZEOF (.cli_sorted_cmd_ptrs)
                0x000000000002af70                __cli_sorted_cmd_ptrs_load_end__ = (__cli_sorted_cmd_ptrs_load_start__ + SIZEOF (.cli_sorted_cmd_ptrs))
                0x0000000000000001                . = ASSERT (((__cli_sorted_cmd_ptrs_load_start__ == __cli_sorted_cmd_ptrs_load_end__) || ((__cli_sorted_cmd_ptrs_load_end__ - __FLASH_segment_start__) <= __FLASH_segment_size__)), error: .cli_sorted_cmd_ptrs is too large to fit in FLASH memory segment)

.cli_sorted_cmd_ptrs_run
                0x0000000020002a98        0x0
                0x0000000020002a98                __cli_sorted_cmd_ptrs_run_start__ = .
                0x0000000020002a98                __start_cli_sorted_cmd_ptrs = __cli_sorted_cmd_ptrs_run_start__
                0x0000000020002a98                . = MAX ((__cli_sorted_cmd_ptrs_run_start__ + SIZEOF (.cli_sorted_cmd_ptrs)), .)
                0x0000000020002a98                __cli_sorted_cmd_ptrs_run_end__ = (__cli_sorted_cmd_ptrs_run_start__ + SIZEOF (.cli_sorted_cmd_ptrs_run))
                0x0000000000000000                __cli_sorted_cmd_ptrs_run_size__ = SIZEOF (.cli_sorted_cmd_ptrs_run)
                0x0000000020002a98                __stop_cli_sorted_cmd_ptrs = __cli_sorted_cmd_ptrs_run_end__
                0x0000000020002a98                __cli_sorted_cmd_ptrs_run_load_end__ = __cli_sorted_cmd_ptrs_run_end__
                0x0000000000000001                . = ASSERT (((__cli_sorted_cmd_ptrs_run_start__ == __cli_sorted_cmd_ptrs_run_end__) || ((__cli_sorted_cmd_ptrs_run_end__ - __RAM_segment_start__) <= __RAM_segment_size__)), error: .cli_sorted_cmd_ptrs_run is too large to fit in RAM memory segment)
                0x000000000002af70                __fs_data_load_start__ = ALIGN ((__cli_sorted_cmd_ptrs_load_start__ + SIZEOF (.cli_sorted_cmd_ptrs)), 0x4)

.fs_data        0x0000000020002a98        0x0 load address 0x000000000002af70
                0x0000000020002a98                __fs_data_start__ = .
 *(.fs_data*)
                0x0000000020002a98                __fs_data_end__ = (__fs_data_start__ + SIZEOF (.fs_data))
                0x0000000000000000                __fs_data_size__ = SIZEOF (.fs_data)
                0x000000000002af70                __fs_data_load_end__ = (__fs_data_load_start__ + SIZEOF (.fs_data))
                0x0000000000000001                . = ASSERT (((__fs_data_load_start__ == __fs_data_load_end__) || ((__fs_data_load_end__ - __FLASH_segment_start__) <= __FLASH_segment_size__)), error: .fs_data is too large to fit in FLASH memory segment)

.fs_data_run    0x0000000020002a98        0x0
                0x0000000020002a98                __fs_data_run_start__ = .
                0x0000000020002a98                __start_fs_data = __fs_data_run_start__
                0x0000000020002a98                . = MAX ((__fs_data_run_start__ + SIZEOF (.fs_data)), .)
                0x0000000020002a98                __fs_data_run_end__ = (__fs_data_run_start__ + SIZEOF (.fs_data_run))
                0x0000000000000000                __fs_data_run_size__ = SIZEOF (.fs_data_run)
                0x0000000020002a98                __stop_fs_data = __fs_data_run_end__
                0x0000000020002a98                __fs_data_run_load_end__ = __fs_data_run_end__
                0x0000000000000001                . = ASSERT (((__fs_data_run_start__ == __fs_data_run_end__) || ((__fs_data_run_end__ - __RAM_segment_start__) <= __RAM_segment_size__)), error: .fs_data_run is too large to fit in RAM memory segment)
                0x000000000002af70                __log_dynamic_data_load_start__ = ALIGN ((__fs_data_load_start__ + SIZEOF (.fs_data)), 0x4)

.log_dynamic_data
                0x0000000020002a98        0x0 load address 0x000000000002af70
                0x0000000020002a98                __log_dynamic_data_start__ = .
 *(SORT_BY_NAME(.log_dynamic_data*))
                0x0000000020002a98                __log_dynamic_data_end__ = (__log_dynamic_data_start__ + SIZEOF (.log_dynamic_data))
                0x0000000000000000                __log_dynamic_data_size__ = SIZEOF (.log_dynamic_data)
                0x000000000002af70                __log_dynamic_data_load_end__ = (__log_dynamic_data_load_start__ + SIZEOF (.log_dynamic_data))
                0x0000000000000001                . = ASSERT (((__log_dynamic_data_load_start__ == __log_dynamic_data_load_end__) || ((__log_dynamic_data_load_end__ - __FLASH_segment_start__) <= __FLASH_segment_size__)), error: .log_dynamic_data is too large to fit in FLASH memory segment)

.log_dynamic_data_run
                0x0000000020002a98        0x0
                0x0000000020002a98                __log_dynamic_data_run_start__ = .
                0x0000000020002a98                __start_log_dynamic_data = __log_dynamic_data_run_start__
                0x0000000020002a98                . = MAX ((__log_dynamic_data_run_start__ + SIZEOF (.log_dynamic_data)), .)
                0x0000000020002a98                __log_dynamic_data_run_end__ = (__log_dynamic_data_run_start__ + SIZEOF (.log_dynamic_data_run))
                0x0000000000000000                __log_dynamic_data_run_size__ = SIZEOF (.log_dynamic_data_run)
                0x0000000020002a98                __stop_log_dynamic_data = __log_dynamic_data_run_end__
                0x0000000020002a98                __log_dynamic_data_run_load_end__ = __log_dynamic_data_run_end__
                0x0000000000000001                . = ASSERT (((__log_dynamic_data_run_start__ == __log_dynamic_data_run_end__) || ((__log_dynamic_data_run_end__ - __RAM_segment_start__) <= __RAM_segment_size__)), error: .log_dynamic_data_run is too large to fit in RAM memory segment)
                0x000000000002af70                __log_filter_data_load_start__ = ALIGN ((__log_dynamic_data_load_start__ + SIZEOF (.log_dynamic_data)), 0x4)

.log_filter_data
                0x0000000020002a98        0x0 load address 0x000000000002af70
                0x0000000020002a98                __log_filter_data_start__ = .
 *(SORT_BY_NAME(.log_filter_data*))
                0x0000000020002a98                __log_filter_data_end__ = (__log_filter_data_start__ + SIZEOF (.log_filter_data))
                0x0000000000000000                __log_filter_data_size__ = SIZEOF (.log_filter_data)
                0x000000000002af70                __log_filter_data_load_end__ = (__log_filter_data_load_start__ + SIZEOF (.log_filter_data))
                0x0000000000000001                . = ASSERT (((__log_filter_data_load_start__ == __log_filter_data_load_end__) || ((__log_filter_data_load_end__ - __FLASH_segment_start__) <= __FLASH_segment_size__)), error: .log_filter_data is too large to fit in FLASH memory segment)

.log_filter_data_run
                0x0000000020002a98        0x0
                0x0000000020002a98                __log_filter_data_run_start__ = .
                0x0000000020002a98                __start_log_filter_data = __log_filter_data_run_start__
                0x0000000020002a98                . = MAX ((__log_filter_data_run_start__ + SIZEOF (.log_filter_data)), .)
                0x0000000020002a98                __log_filter_data_run_end__ = (__log_filter_data_run_start__ + SIZEOF (.log_filter_data_run))
                0x0000000000000000                __log_filter_data_run_size__ = SIZEOF (.log_filter_data_run)
                0x0000000020002a98                __stop_log_filter_data = __log_filter_data_run_end__
                0x0000000020002a98                __log_filter_data_run_load_end__ = __log_filter_data_run_end__
                0x0000000000000001                . = ASSERT (((__log_filter_data_run_start__ == __log_filter_data_run_end__) || ((__log_filter_data_run_end__ - __RAM_segment_start__) <= __RAM_segment_size__)), error: .log_filter_data_run is too large to fit in RAM memory segment)
                0x0000000020002a98                __nrf_sections_run_end_load_start__ = ALIGN (__log_filter_data_run_end__, 0x4)

.nrf_sections_run_end
                0x0000000020002a98        0x0
                0x0000000020002a98                __nrf_sections_run_end_start__ = .
                0x0000000020002a98                __end_nrf_sections_run = __nrf_sections_run_end_start__
 *(.nrf_sections_run_end .nrf_sections_run_end.*)
                0x0000000020002a98                __nrf_sections_run_end_end__ = (__nrf_sections_run_end_start__ + SIZEOF (.nrf_sections_run_end))
                0x0000000000000000                __nrf_sections_run_end_size__ = SIZEOF (.nrf_sections_run_end)
                0x0000000020002a98                __nrf_sections_run_end_load_end__ = __nrf_sections_run_end_end__
                0x0000000000000001                . = ASSERT (((__nrf_sections_run_end_start__ == __nrf_sections_run_end_end__) || ((__nrf_sections_run_end_end__ - __RAM_segment_start__) <= __RAM_segment_size__)), error: .nrf_sections_run_end is too large to fit in RAM memory segment)
                0x000000000002af70                __dtors_load_start__ = ALIGN ((__log_filter_data_load_start__ + SIZEOF (.log_filter_data)), 0x4)

.dtors          0x000000000002af70        0x0
                0x000000000002af70                __dtors_start__ = .
 *(SORT_BY_NAME(.dtors.*))
 *(.dtors)
 *(.fini_array)
 *(SORT_BY_NAME(.fini_array.*))
                0x000000000002af70                __dtors_end__ = (__dtors_start__ + SIZEOF (.dtors))
                0x0000000000000000                __dtors_size__ = SIZEOF (.dtors)
                0x000000000002af70                __dtors_load_end__ = __dtors_end__
                0x0000000000000001                . = ASSERT (((__dtors_start__ == __dtors_end__) || ((__dtors_end__ - __FLASH_segment_start__) <= __FLASH_segment_size__)), error: .dtors is too large to fit in FLASH memory segment)
                0x000000000002af70                __ctors_load_start__ = ALIGN (__dtors_end__, 0x4)

.ctors          0x000000000002af70        0x0
                0x000000000002af70                __ctors_start__ = .
 *(SORT_BY_NAME(.ctors.*))
 *(.ctors)
 *(.init_array)
 *(SORT_BY_NAME(.init_array.*))
                0x000000000002af70                __ctors_end__ = (__ctors_start__ + SIZEOF (.ctors))
                0x0000000000000000                __ctors_size__ = SIZEOF (.ctors)
                0x000000000002af70                __ctors_load_end__ = __ctors_end__
                0x0000000000000001                . = ASSERT (((__ctors_start__ == __ctors_end__) || ((__ctors_end__ - __FLASH_segment_start__) <= __FLASH_segment_size__)), error: .ctors is too large to fit in FLASH memory segment)
                0x000000000002af70                __rodata_load_start__ = ALIGN (__ctors_end__, 0x4)

.rodata         0x000000000002af70      0x250
                0x000000000002af70                __rodata_start__ = .
 *(.rodata .rodata.* .gnu.linkonce.r.*)
 .rodata.m_detection_delay_timer_id
                0x000000000002af70        0x4 Output/ble_app_uart_pca10056_s140 Release/Obj/app_button.o
 *fill*         0x000000000002af74        0xc 
 .rodata.delay_machine_code.8625
                0x000000000002af80        0x6 Output/ble_app_uart_pca10056_s140 Release/Obj/app_timer.o
 *fill*         0x000000000002af86        0x2 
 .rodata        0x000000000002af88       0x20 Output/ble_app_uart_pca10056_s140 Release/Obj/app_uart_fifo.o
 .rodata.pwr_mgmt_data
                0x000000000002afa8        0xc Output/ble_app_uart_pca10056_s140 Release/Obj/nrf_pwr_mgmt.o
 .rodata.m_board_btn_list
                0x000000000002afb4        0x4 Output/ble_app_uart_pca10056_s140 Release/Obj/boards.o
 .rodata.m_board_led_list
                0x000000000002afb8        0x4 Output/ble_app_uart_pca10056_s140 Release/Obj/boards.o
 .rodata.app_buttons
                0x000000000002afbc       0x20 Output/ble_app_uart_pca10056_s140 Release/Obj/bsp.o
 .rodata.m_bsp_alert_tmr
                0x000000000002afdc        0x4 Output/ble_app_uart_pca10056_s140 Release/Obj/bsp.o
 .rodata.m_bsp_button_tmr
                0x000000000002afe0        0x4 Output/ble_app_uart_pca10056_s140 Release/Obj/bsp.o
 .rodata.m_bsp_leds_tmr
                0x000000000002afe4        0x4 Output/ble_app_uart_pca10056_s140 Release/Obj/bsp.o
 .rodata        0x000000000002afe8       0x18 Output/ble_app_uart_pca10056_s140 Release/Obj/main.o
 .rodata.delay_machine_code.8424
                0x000000000002b000        0x6 Output/ble_app_uart_pca10056_s140 Release/Obj/main.o
 .rodata.main.str1.1
                0x000000000002b006       0x36 Output/ble_app_uart_pca10056_s140 Release/Obj/main.o
 .rodata.send_some_uart_data
                0x000000000002b03c        0x4 Output/ble_app_uart_pca10056_s140 Release/Obj/main.o
 .rodata.uart_event_handle.str1.1
                0x000000000002b040      0x106 Output/ble_app_uart_pca10056_s140 Release/Obj/main.o
 .rodata        0x000000000002b146       0x10 Output/ble_app_uart_pca10056_s140 Release/Obj/ble_nus.o
 .rodata        0x000000000002b156        0x4 Output/ble_app_uart_pca10056_s140 Release/Obj/nrf_sdh.o
 *fill*         0x000000000002b15a        0x2 
 .rodata.sdh_req_observers
                0x000000000002b15c        0xc Output/ble_app_uart_pca10056_s140 Release/Obj/nrf_sdh.o
 .rodata.sdh_stack_observers
                0x000000000002b168        0xc Output/ble_app_uart_pca10056_s140 Release/Obj/nrf_sdh.o
 .rodata.sdh_state_observers
                0x000000000002b174        0xc Output/ble_app_uart_pca10056_s140 Release/Obj/nrf_sdh.o
 .rodata.sdh_ble_observers
                0x000000000002b180        0xc Output/ble_app_uart_pca10056_s140 Release/Obj/nrf_sdh_ble.o
 .rodata.sdh_soc_observers
                0x000000000002b18c        0xc Output/ble_app_uart_pca10056_s140 Release/Obj/nrf_sdh_soc.o
 .rodata.libc.__RAL_hex_lc
                0x000000000002b198       0x10 C:/Program Files/SEGGER/SEGGER Embedded Studio for ARM 4.30b/lib/libc_v7em_fpv4_sp_d16_hard_t_le_eabi.a(libc2.o)
                0x000000000002b198                __RAL_hex_lc
 .rodata.libc.__RAL_hex_uc
                0x000000000002b1a8       0x10 C:/Program Files/SEGGER/SEGGER Embedded Studio for ARM 4.30b/lib/libc_v7em_fpv4_sp_d16_hard_t_le_eabi.a(libc2.o)
                0x000000000002b1a8                __RAL_hex_uc
 .rodata.libc.__vfprintf_int.str1.4
                0x000000000002b1b8        0x8 C:/Program Files/SEGGER/SEGGER Embedded Studio for ARM 4.30b/lib/libvfprintf_v7em_fpv4_sp_d16_hard_t_le_eabi.o
                                          0x7 (size before relaxing)
                0x000000000002b1c0                __rodata_end__ = (__rodata_start__ + SIZEOF (.rodata))
                0x0000000000000250                __rodata_size__ = SIZEOF (.rodata)
                0x000000000002b1c0                __rodata_load_end__ = __rodata_end__

.rel.dyn        0x000000000002b1c0        0x0
 .rel.iplt      0x000000000002b1c0        0x0 Output/ble_app_uart_pca10056_s140 Release/Obj/thumb_crt0.o
                0x0000000000000001                . = ASSERT (((__rodata_start__ == __rodata_end__) || ((__rodata_end__ - __FLASH_segment_start__) <= __FLASH_segment_size__)), error: .rodata is too large to fit in FLASH memory segment)
                0x000000000002b1c0                __ARM.exidx_load_start__ = ALIGN (__rodata_end__, 0x4)

.ARM.exidx      0x000000000002b1c0        0x0
                0x000000000002b1c0                __ARM.exidx_start__ = .
                0x000000000002b1c0                __exidx_start = __ARM.exidx_start__
 *(.ARM.exidx .ARM.exidx.*)
                0x000000000002b1c0                __ARM.exidx_end__ = (__ARM.exidx_start__ + SIZEOF (.ARM.exidx))
                0x0000000000000000                __ARM.exidx_size__ = SIZEOF (.ARM.exidx)
                0x000000000002b1c0                __exidx_end = __ARM.exidx_end__
                0x000000000002b1c0                __ARM.exidx_load_end__ = __ARM.exidx_end__
                0x0000000000000001                . = ASSERT (((__ARM.exidx_start__ == __ARM.exidx_end__) || ((__ARM.exidx_end__ - __FLASH_segment_start__) <= __FLASH_segment_size__)), error: .ARM.exidx is too large to fit in FLASH memory segment)
                0x000000000002b1c0                __fast_load_start__ = ALIGN (__ARM.exidx_end__, 0x4)

.fast           0x0000000020002a98        0x0 load address 0x000000000002b1c0
                0x0000000020002a98                __fast_start__ = .
 *(.fast .fast.*)
                0x0000000020002a98                __fast_end__ = (__fast_start__ + SIZEOF (.fast))
                0x0000000000000000                __fast_size__ = SIZEOF (.fast)
                0x000000000002b1c0                __fast_load_end__ = (__fast_load_start__ + SIZEOF (.fast))
                0x0000000000000001                . = ASSERT (((__fast_load_start__ == __fast_load_end__) || ((__fast_load_end__ - __FLASH_segment_start__) <= __FLASH_segment_size__)), error: .fast is too large to fit in FLASH memory segment)

.fast_run       0x0000000020002a98        0x0
                0x0000000020002a98                __fast_run_start__ = .
                0x0000000020002a98                . = MAX ((__fast_run_start__ + SIZEOF (.fast)), .)
                0x0000000020002a98                __fast_run_end__ = (__fast_run_start__ + SIZEOF (.fast_run))
                0x0000000000000000                __fast_run_size__ = SIZEOF (.fast_run)
                0x0000000020002a98                __fast_run_load_end__ = __fast_run_end__
                0x0000000000000001                . = ASSERT (((__fast_run_start__ == __fast_run_end__) || ((__fast_run_end__ - __RAM_segment_start__) <= __RAM_segment_size__)), error: .fast_run is too large to fit in RAM memory segment)
                0x000000000002b1c0                __data_load_start__ = ALIGN ((__fast_load_start__ + SIZEOF (.fast)), 0x4)

.data           0x0000000020002a98       0x44 load address 0x000000000002b1c0
                0x0000000020002a98                __data_start__ = .
 *(.data .data.* .gnu.linkonce.d.*)
 .data.app_uart_inst
                0x0000000020002a98       0x14 Output/ble_app_uart_pca10056_s140 Release/Obj/app_uart_fifo.o
 .data.SystemCoreClock
                0x0000000020002aac        0x4 Output/ble_app_uart_pca10056_s140 Release/Obj/system_nrf52840.o
                0x0000000020002aac                SystemCoreClock
 .data.m_adv_uuids
                0x0000000020002ab0        0x4 Output/ble_app_uart_pca10056_s140 Release/Obj/main.o
 .data.m_ble_nus_max_data_len
                0x0000000020002ab4        0x2 Output/ble_app_uart_pca10056_s140 Release/Obj/main.o
 .data.m_conn_handle
                0x0000000020002ab6        0x2 Output/ble_app_uart_pca10056_s140 Release/Obj/main.o
 .data.m_nus    0x0000000020002ab8       0x1c Output/ble_app_uart_pca10056_s140 Release/Obj/main.o
 .data.m_nus_link_ctx_storage
                0x0000000020002ad4        0x8 Output/ble_app_uart_pca10056_s140 Release/Obj/main.o
                0x0000000020002adc                __data_end__ = (__data_start__ + SIZEOF (.data))
                0x0000000000000044                __data_size__ = SIZEOF (.data)
                0x000000000002b204                __data_load_end__ = (__data_load_start__ + SIZEOF (.data))

.igot.plt       0x0000000100000000        0x0
 .igot.plt      0x0000000100000000        0x0 Output/ble_app_uart_pca10056_s140 Release/Obj/thumb_crt0.o
                0x0000000000000001                . = ASSERT (((__data_load_start__ == __data_load_end__) || ((__data_load_end__ - __FLASH_segment_start__) <= __FLASH_segment_size__)), error: .data is too large to fit in FLASH memory segment)

.data_run       0x0000000020002a98       0x44 load address 0x000000000002b1c0
                0x0000000020002a98                __data_run_start__ = .
                0x0000000020002adc                . = MAX ((__data_run_start__ + SIZEOF (.data)), .)
 *fill*         0x0000000020002a98       0x44 
                0x0000000020002adc                __data_run_end__ = (__data_run_start__ + SIZEOF (.data_run))
                0x0000000000000044                __data_run_size__ = SIZEOF (.data_run)
                0x0000000020002adc                __data_run_load_end__ = __data_run_end__
                0x0000000000000001                . = ASSERT (((__data_run_start__ == __data_run_end__) || ((__data_run_end__ - __RAM_segment_start__) <= __RAM_segment_size__)), error: .data_run is too large to fit in RAM memory segment)
                0x000000000002b204                __tdata_load_start__ = ALIGN ((__data_load_start__ + SIZEOF (.data)), 0x4)

.tdata          0x0000000020002adc        0x0 load address 0x000000000002b204
                0x0000000020002adc                __tdata_start__ = .
 *(.tdata .tdata.*)
                0x0000000020002adc                __tdata_end__ = (__tdata_start__ + SIZEOF (.tdata))
                0x0000000000000000                __tdata_size__ = SIZEOF (.tdata)
                0x000000000002b204                __tdata_load_end__ = (__tdata_load_start__ + SIZEOF (.tdata))
                0x000000000002b204                __FLASH_segment_used_end__ = (ALIGN ((__data_load_start__ + SIZEOF (.data)), 0x4) + SIZEOF (.tdata))
                0x000000000002b204                __FLASH_segment_used_size__ = (__FLASH_segment_used_end__ - __FLASH_segment_start__)
                0x0000000000000001                . = ASSERT (((__tdata_load_start__ == __tdata_load_end__) || ((__tdata_load_end__ - __FLASH_segment_start__) <= __FLASH_segment_size__)), error: .tdata is too large to fit in FLASH memory segment)

.tdata_run      0x0000000020002adc        0x0
                0x0000000020002adc                __tdata_run_start__ = .
                0x0000000020002adc                . = MAX ((__tdata_run_start__ + SIZEOF (.tdata)), .)
                0x0000000020002adc                __tdata_run_end__ = (__tdata_run_start__ + SIZEOF (.tdata_run))
                0x0000000000000000                __tdata_run_size__ = SIZEOF (.tdata_run)
                0x0000000020002adc                __tdata_run_load_end__ = __tdata_run_end__
                0x0000000000000001                . = ASSERT (((__tdata_run_start__ == __tdata_run_end__) || ((__tdata_run_end__ - __RAM_segment_start__) <= __RAM_segment_size__)), error: .tdata_run is too large to fit in RAM memory segment)
                0x0000000020002adc                __bss_load_start__ = ALIGN (__tdata_run_end__, 0x4)

.bss            0x0000000020002adc      0x998
                0x0000000020002adc                __bss_start__ = .
 *(.bss .bss.* .gnu.linkonce.b.*)
 .bss.m_button_count
                0x0000000020002adc        0x1 Output/ble_app_uart_pca10056_s140 Release/Obj/app_button.o
 *fill*         0x0000000020002add        0x3 
 .bss.m_detection_delay
                0x0000000020002ae0        0x4 Output/ble_app_uart_pca10056_s140 Release/Obj/app_button.o
 .bss.m_detection_delay_timer_id_data
                0x0000000020002ae4       0x20 Output/ble_app_uart_pca10056_s140 Release/Obj/app_button.o
 *fill*         0x0000000020002b04        0x4 
 .bss.m_pin_state
                0x0000000020002b08        0x8 Output/ble_app_uart_pca10056_s140 Release/Obj/app_button.o
 .bss.m_pin_transition
                0x0000000020002b10        0x8 Output/ble_app_uart_pca10056_s140 Release/Obj/app_button.o
 .bss.mp_buttons
                0x0000000020002b18        0x4 Output/ble_app_uart_pca10056_s140 Release/Obj/app_button.o
 .bss.m_op_queue
                0x0000000020002b1c      0x10c Output/ble_app_uart_pca10056_s140 Release/Obj/app_timer.o
 .bss.m_rtc1_reset
                0x0000000020002c28        0x1 Output/ble_app_uart_pca10056_s140 Release/Obj/app_timer.o
 .bss.m_rtc1_running
                0x0000000020002c29        0x1 Output/ble_app_uart_pca10056_s140 Release/Obj/app_timer.o
 *fill*         0x0000000020002c2a        0x2 
 .bss.m_ticks_elapsed
                0x0000000020002c2c        0x8 Output/ble_app_uart_pca10056_s140 Release/Obj/app_timer.o
 .bss.m_ticks_elapsed_q_read_ind
                0x0000000020002c34        0x1 Output/ble_app_uart_pca10056_s140 Release/Obj/app_timer.o
 .bss.m_ticks_elapsed_q_write_ind
                0x0000000020002c35        0x1 Output/ble_app_uart_pca10056_s140 Release/Obj/app_timer.o
 *fill*         0x0000000020002c36        0x2 
 .bss.m_ticks_latest
                0x0000000020002c38        0x4 Output/ble_app_uart_pca10056_s140 Release/Obj/app_timer.o
 .bss.mp_timer_id_head
                0x0000000020002c3c        0x4 Output/ble_app_uart_pca10056_s140 Release/Obj/app_timer.o
 .bss.m_event_handler
                0x0000000020002c40        0x4 Output/ble_app_uart_pca10056_s140 Release/Obj/app_uart_fifo.o
 .bss.m_rx_fifo
                0x0000000020002c44       0x10 Output/ble_app_uart_pca10056_s140 Release/Obj/app_uart_fifo.o
 .bss.m_rx_ovf  0x0000000020002c54        0x1 Output/ble_app_uart_pca10056_s140 Release/Obj/app_uart_fifo.o
 *fill*         0x0000000020002c55        0x3 
 .bss.m_tx_fifo
                0x0000000020002c58       0x10 Output/ble_app_uart_pca10056_s140 Release/Obj/app_uart_fifo.o
 .bss.rx_buffer
                0x0000000020002c68        0x1 Output/ble_app_uart_pca10056_s140 Release/Obj/app_uart_fifo.o
 .bss.tx_buffer
                0x0000000020002c69        0x1 Output/ble_app_uart_pca10056_s140 Release/Obj/app_uart_fifo.o
 *fill*         0x0000000020002c6a        0x2 
 .bss.nrf_nvic_state
                0x0000000020002c6c        0xc Output/ble_app_uart_pca10056_s140 Release/Obj/app_util_platform.o
                0x0000000020002c6c                nrf_nvic_state
 .bss.m_handlers_iter
                0x0000000020002c78        0x8 Output/ble_app_uart_pca10056_s140 Release/Obj/nrf_pwr_mgmt.o
 .bss.m_shutdown_started
                0x0000000020002c80        0x1 Output/ble_app_uart_pca10056_s140 Release/Obj/nrf_pwr_mgmt.o
 *fill*         0x0000000020002c81        0x3 
 .bss.m_sysoff_mtx
                0x0000000020002c84        0x4 Output/ble_app_uart_pca10056_s140 Release/Obj/nrf_pwr_mgmt.o
 .bss.m_clock_cb
                0x0000000020002c88       0x14 Output/ble_app_uart_pca10056_s140 Release/Obj/nrf_drv_clock.o
 .bss.m_contexts
                0x0000000020002c9c        0x8 Output/ble_app_uart_pca10056_s140 Release/Obj/nrf_drv_uart.o
 .bss.m_handlers
                0x0000000020002ca4        0x8 Output/ble_app_uart_pca10056_s140 Release/Obj/nrf_drv_uart.o
 .bss.nrf_drv_uart_use_easy_dma
                0x0000000020002cac        0x2 Output/ble_app_uart_pca10056_s140 Release/Obj/nrf_drv_uart.o
                0x0000000020002cac                nrf_drv_uart_use_easy_dma
 *fill*         0x0000000020002cae        0x2 
 .bss.m_clock_cb
                0x0000000020002cb0        0x8 Output/ble_app_uart_pca10056_s140 Release/Obj/nrfx_clock.o
 .bss.m_cb      0x0000000020002cb8       0x6c Output/ble_app_uart_pca10056_s140 Release/Obj/nrfx_gpiote.o
 .bss.m_prs_box_4
                0x0000000020002d24        0x8 Output/ble_app_uart_pca10056_s140 Release/Obj/nrfx_prs.o
 .bss.m_cb      0x0000000020002d2c       0x2c Output/ble_app_uart_pca10056_s140 Release/Obj/nrfx_uart.o